    libdis_test:      00 00 00 28  stnp w0, w0, [x0]
    libdis_test+0x4:  de fb 1f 28  stnp w30, w30, [x30, #252]
    libdis_test+0x8:  ff 7f 20 28  stnp wzr, wzr, [sp, #-256]
    libdis_test+0xc:  00 00 00 a8  stnp x0, x0, [x0]
    libdis_test+0x10: de fb 1f a8  stnp x30, x30, [x30, #504]
    libdis_test+0x14: ff 7f 20 a8  stnp xzr, xzr, [sp, #-512]
    libdis_test+0x18: 00 00 00 2c  stnp s0, s0, [x0]
    libdis_test+0x1c: de fb 1f 2c  stnp s30, s30, [x30, #252]
    libdis_test+0x20: ff 7f 20 2c  stnp s31, s31, [sp, #-256]
    libdis_test+0x24: 00 00 00 6c  stnp d0, d0, [x0]
    libdis_test+0x28: de fb 1f 6c  stnp d30, d30, [x30, #504]
    libdis_test+0x2c: ff 7f 20 6c  stnp d31, d31, [sp, #-512]
    libdis_test+0x30: 00 00 00 ac  stnp q0, q0, [x0]
    libdis_test+0x34: de fb 1f ac  stnp q30, q30, [x30, #1008]
    libdis_test+0x38: ff 7f 20 ac  stnp q31, q31, [sp, #-1024]
    libdis_test+0x3c: 00 00 40 28  ldnp w0, w0, [x0]
    libdis_test+0x40: de fb 5f 28  ldnp w30, w30, [x30, #252]
    libdis_test+0x44: ff 7f 60 28  ldnp wzr, wzr, [sp, #-256]
    libdis_test+0x48: 00 00 40 a8  ldnp x0, x0, [x0]
    libdis_test+0x4c: de fb 5f a8  ldnp x30, x30, [x30, #504]
    libdis_test+0x50: ff 7f 60 a8  ldnp xzr, xzr, [sp, #-512]
    libdis_test+0x54: 00 00 40 2c  ldnp s0, s0, [x0]
    libdis_test+0x58: de fb 5f 2c  ldnp s30, s30, [x30, #252]
    libdis_test+0x5c: ff 7f 60 2c  ldnp s31, s31, [sp, #-256]
    libdis_test+0x60: 00 00 40 6c  ldnp d0, d0, [x0]
    libdis_test+0x64: de fb 5f 6c  ldnp d30, d30, [x30, #504]
    libdis_test+0x68: ff 7f 60 6c  ldnp d31, d31, [sp, #-512]
    libdis_test+0x6c: 00 00 40 ac  ldnp q0, q0, [x0]
    libdis_test+0x70: de fb 5f ac  ldnp q30, q30, [x30, #1008]
    libdis_test+0x74: ff 7f 60 ac  ldnp q31, q31, [sp, #-1024]
