    libdis_test:       00 00 00 d8  prfm pldl1keep, 0 	<libdis_test>
    libdis_test+0x4:   01 00 00 d8  prfm pldl1strm, 4 	<libdis_test+0x4>
    libdis_test+0x8:   02 00 00 d8  prfm pldl2keep, 8 	<libdis_test+0x8>
    libdis_test+0xc:   03 00 00 d8  prfm pldl2strm, c 	<libdis_test+0xc>
    libdis_test+0x10:  04 00 00 d8  prfm pldl3keep, 10 	<libdis_test+0x10>
    libdis_test+0x14:  05 00 00 d8  prfm pldl3strm, 14 	<libdis_test+0x14>
    libdis_test+0x18:  06 00 00 d8  prfm #0x06, 18 	<libdis_test+0x18>
    libdis_test+0x1c:  07 00 00 d8  prfm #0x07, 1c 	<libdis_test+0x1c>
    libdis_test+0x20:  08 00 00 d8  prfm plil1keep, 20 	<libdis_test+0x20>
    libdis_test+0x24:  09 00 00 d8  prfm plil1strm, 24 	<libdis_test+0x24>
    libdis_test+0x28:  0a 00 00 d8  prfm plil2keep, 28 	<libdis_test+0x28>
    libdis_test+0x2c:  0b 00 00 d8  prfm plil2strm, 2c 	<libdis_test+0x2c>
    libdis_test+0x30:  0c 00 00 d8  prfm plil3keep, 30 	<libdis_test+0x30>
    libdis_test+0x34:  0d 00 00 d8  prfm plil3strm, 34 	<libdis_test+0x34>
    libdis_test+0x38:  0e 00 00 d8  prfm #0x0e, 38 	<libdis_test+0x38>
    libdis_test+0x3c:  0f 00 00 d8  prfm #0x0f, 3c 	<libdis_test+0x3c>
    libdis_test+0x40:  10 02 00 d8  prfm pstl1keep, 80 	<libdis_test+0x80>
    libdis_test+0x44:  f1 01 00 d8  prfm pstl1strm, 80 	<libdis_test+0x80>
    libdis_test+0x48:  d2 01 00 d8  prfm pstl2keep, 80 	<libdis_test+0x80>
    libdis_test+0x4c:  b3 01 00 d8  prfm pstl2strm, 80 	<libdis_test+0x80>
    libdis_test+0x50:  94 01 00 d8  prfm pstl3keep, 80 	<libdis_test+0x80>
    libdis_test+0x54:  75 01 00 d8  prfm pstl3strm, 80 	<libdis_test+0x80>
    libdis_test+0x58:  56 01 00 d8  prfm #0x16, 80 	<libdis_test+0x80>
    libdis_test+0x5c:  37 01 00 d8  prfm #0x17, 80 	<libdis_test+0x80>
    libdis_test+0x60:  18 01 00 d8  prfm #0x18, 80 	<libdis_test+0x80>
    libdis_test+0x64:  f9 00 00 d8  prfm #0x19, 80 	<libdis_test+0x80>
    libdis_test+0x68:  da 00 00 d8  prfm #0x1a, 80 	<libdis_test+0x80>
    libdis_test+0x6c:  bb 00 00 d8  prfm #0x1b, 80 	<libdis_test+0x80>
    libdis_test+0x70:  9c 00 00 d8  prfm #0x1c, 80 	<libdis_test+0x80>
    libdis_test+0x74:  7d 00 00 d8  prfm #0x1d, 80 	<libdis_test+0x80>
    libdis_test+0x78:  5e 00 00 d8  prfm #0x1e, 80 	<libdis_test+0x80>
    libdis_test+0x7c:  3f 00 00 d8  prfm #0x1f, 80 	<libdis_test+0x80>
    libdis_test+0x80:  00 68 a0 f8  prfm pldl1keep, [x0, x0]
    libdis_test+0x84:  00 48 a0 f8  prfm pldl1keep, [x0, w0, uxtw]
    libdis_test+0x88:  e0 5b bf f8  prfm pldl1keep, [sp, wzr, uxtw #3]
    libdis_test+0x8c:  00 68 a0 f8  prfm pldl1keep, [x0, x0]
    libdis_test+0x90:  e0 7b bf f8  prfm pldl1keep, [sp, xzr, lsl #3]
    libdis_test+0x94:  00 c8 a0 f8  prfm pldl1keep, [x0, w0, sxtw]
    libdis_test+0x98:  e0 db bf f8  prfm pldl1keep, [sp, wzr, sxtw #3]
    libdis_test+0x9c:  00 e8 a0 f8  prfm pldl1keep, [x0, x0, sxtx]
    libdis_test+0xa0:  e0 fb bf f8  prfm pldl1keep, [sp, xzr, sxtx #3]
    libdis_test+0xa4:  01 68 a0 f8  prfm pldl1strm, [x0, x0]
    libdis_test+0xa8:  01 48 a0 f8  prfm pldl1strm, [x0, w0, uxtw]
    libdis_test+0xac:  e1 5b bf f8  prfm pldl1strm, [sp, wzr, uxtw #3]
    libdis_test+0xb0:  01 68 a0 f8  prfm pldl1strm, [x0, x0]
    libdis_test+0xb4:  e1 7b bf f8  prfm pldl1strm, [sp, xzr, lsl #3]
    libdis_test+0xb8:  01 c8 a0 f8  prfm pldl1strm, [x0, w0, sxtw]
    libdis_test+0xbc:  e1 db bf f8  prfm pldl1strm, [sp, wzr, sxtw #3]
    libdis_test+0xc0:  01 e8 a0 f8  prfm pldl1strm, [x0, x0, sxtx]
    libdis_test+0xc4:  e1 fb bf f8  prfm pldl1strm, [sp, xzr, sxtx #3]
    libdis_test+0xc8:  02 68 a0 f8  prfm pldl2keep, [x0, x0]
    libdis_test+0xcc:  02 48 a0 f8  prfm pldl2keep, [x0, w0, uxtw]
    libdis_test+0xd0:  e2 5b bf f8  prfm pldl2keep, [sp, wzr, uxtw #3]
    libdis_test+0xd4:  02 68 a0 f8  prfm pldl2keep, [x0, x0]
    libdis_test+0xd8:  e2 7b bf f8  prfm pldl2keep, [sp, xzr, lsl #3]
    libdis_test+0xdc:  02 c8 a0 f8  prfm pldl2keep, [x0, w0, sxtw]
    libdis_test+0xe0:  e2 db bf f8  prfm pldl2keep, [sp, wzr, sxtw #3]
    libdis_test+0xe4:  02 e8 a0 f8  prfm pldl2keep, [x0, x0, sxtx]
    libdis_test+0xe8:  e2 fb bf f8  prfm pldl2keep, [sp, xzr, sxtx #3]
    libdis_test+0xec:  03 68 a0 f8  prfm pldl2strm, [x0, x0]
    libdis_test+0xf0:  03 48 a0 f8  prfm pldl2strm, [x0, w0, uxtw]
    libdis_test+0xf4:  e3 5b bf f8  prfm pldl2strm, [sp, wzr, uxtw #3]
    libdis_test+0xf8:  03 68 a0 f8  prfm pldl2strm, [x0, x0]
    libdis_test+0xfc:  e3 7b bf f8  prfm pldl2strm, [sp, xzr, lsl #3]
    libdis_test+0x100: 03 c8 a0 f8  prfm pldl2strm, [x0, w0, sxtw]
    libdis_test+0x104: e3 db bf f8  prfm pldl2strm, [sp, wzr, sxtw #3]
    libdis_test+0x108: 03 e8 a0 f8  prfm pldl2strm, [x0, x0, sxtx]
    libdis_test+0x10c: e3 fb bf f8  prfm pldl2strm, [sp, xzr, sxtx #3]
    libdis_test+0x110: 04 68 a0 f8  prfm pldl3keep, [x0, x0]
    libdis_test+0x114: 04 48 a0 f8  prfm pldl3keep, [x0, w0, uxtw]
    libdis_test+0x118: e4 5b bf f8  prfm pldl3keep, [sp, wzr, uxtw #3]
    libdis_test+0x11c: 04 68 a0 f8  prfm pldl3keep, [x0, x0]
    libdis_test+0x120: e4 7b bf f8  prfm pldl3keep, [sp, xzr, lsl #3]
    libdis_test+0x124: 04 c8 a0 f8  prfm pldl3keep, [x0, w0, sxtw]
    libdis_test+0x128: e4 db bf f8  prfm pldl3keep, [sp, wzr, sxtw #3]
    libdis_test+0x12c: 04 e8 a0 f8  prfm pldl3keep, [x0, x0, sxtx]
    libdis_test+0x130: e4 fb bf f8  prfm pldl3keep, [sp, xzr, sxtx #3]
    libdis_test+0x134: 05 68 a0 f8  prfm pldl3strm, [x0, x0]
    libdis_test+0x138: 05 48 a0 f8  prfm pldl3strm, [x0, w0, uxtw]
    libdis_test+0x13c: e5 5b bf f8  prfm pldl3strm, [sp, wzr, uxtw #3]
    libdis_test+0x140: 05 68 a0 f8  prfm pldl3strm, [x0, x0]
    libdis_test+0x144: e5 7b bf f8  prfm pldl3strm, [sp, xzr, lsl #3]
    libdis_test+0x148: 05 c8 a0 f8  prfm pldl3strm, [x0, w0, sxtw]
    libdis_test+0x14c: e5 db bf f8  prfm pldl3strm, [sp, wzr, sxtw #3]
    libdis_test+0x150: 05 e8 a0 f8  prfm pldl3strm, [x0, x0, sxtx]
    libdis_test+0x154: e5 fb bf f8  prfm pldl3strm, [sp, xzr, sxtx #3]
    libdis_test+0x158: 06 68 a0 f8  prfm #0x06, [x0, x0]
    libdis_test+0x15c: 06 48 a0 f8  prfm #0x06, [x0, w0, uxtw]
    libdis_test+0x160: e6 5b bf f8  prfm #0x06, [sp, wzr, uxtw #3]
    libdis_test+0x164: 06 68 a0 f8  prfm #0x06, [x0, x0]
    libdis_test+0x168: e6 7b bf f8  prfm #0x06, [sp, xzr, lsl #3]
    libdis_test+0x16c: 06 c8 a0 f8  prfm #0x06, [x0, w0, sxtw]
    libdis_test+0x170: e6 db bf f8  prfm #0x06, [sp, wzr, sxtw #3]
    libdis_test+0x174: 06 e8 a0 f8  prfm #0x06, [x0, x0, sxtx]
    libdis_test+0x178: e6 fb bf f8  prfm #0x06, [sp, xzr, sxtx #3]
    libdis_test+0x17c: 07 68 a0 f8  prfm #0x07, [x0, x0]
    libdis_test+0x180: 07 48 a0 f8  prfm #0x07, [x0, w0, uxtw]
    libdis_test+0x184: e7 5b bf f8  prfm #0x07, [sp, wzr, uxtw #3]
    libdis_test+0x188: 07 68 a0 f8  prfm #0x07, [x0, x0]
    libdis_test+0x18c: e7 7b bf f8  prfm #0x07, [sp, xzr, lsl #3]
    libdis_test+0x190: 07 c8 a0 f8  prfm #0x07, [x0, w0, sxtw]
    libdis_test+0x194: e7 db bf f8  prfm #0x07, [sp, wzr, sxtw #3]
    libdis_test+0x198: 07 e8 a0 f8  prfm #0x07, [x0, x0, sxtx]
    libdis_test+0x19c: e7 fb bf f8  prfm #0x07, [sp, xzr, sxtx #3]
    libdis_test+0x1a0: 08 68 a0 f8  prfm plil1keep, [x0, x0]
    libdis_test+0x1a4: 08 48 a0 f8  prfm plil1keep, [x0, w0, uxtw]
    libdis_test+0x1a8: e8 5b bf f8  prfm plil1keep, [sp, wzr, uxtw #3]
    libdis_test+0x1ac: 08 68 a0 f8  prfm plil1keep, [x0, x0]
    libdis_test+0x1b0: e8 7b bf f8  prfm plil1keep, [sp, xzr, lsl #3]
    libdis_test+0x1b4: 08 c8 a0 f8  prfm plil1keep, [x0, w0, sxtw]
    libdis_test+0x1b8: e8 db bf f8  prfm plil1keep, [sp, wzr, sxtw #3]
    libdis_test+0x1bc: 08 e8 a0 f8  prfm plil1keep, [x0, x0, sxtx]
    libdis_test+0x1c0: e8 fb bf f8  prfm plil1keep, [sp, xzr, sxtx #3]
    libdis_test+0x1c4: 09 68 a0 f8  prfm plil1strm, [x0, x0]
    libdis_test+0x1c8: 09 48 a0 f8  prfm plil1strm, [x0, w0, uxtw]
    libdis_test+0x1cc: e9 5b bf f8  prfm plil1strm, [sp, wzr, uxtw #3]
    libdis_test+0x1d0: 09 68 a0 f8  prfm plil1strm, [x0, x0]
    libdis_test+0x1d4: e9 7b bf f8  prfm plil1strm, [sp, xzr, lsl #3]
    libdis_test+0x1d8: 09 c8 a0 f8  prfm plil1strm, [x0, w0, sxtw]
    libdis_test+0x1dc: e9 db bf f8  prfm plil1strm, [sp, wzr, sxtw #3]
    libdis_test+0x1e0: 09 e8 a0 f8  prfm plil1strm, [x0, x0, sxtx]
    libdis_test+0x1e4: e9 fb bf f8  prfm plil1strm, [sp, xzr, sxtx #3]
    libdis_test+0x1e8: 0a 68 a0 f8  prfm plil2keep, [x0, x0]
    libdis_test+0x1ec: 0a 48 a0 f8  prfm plil2keep, [x0, w0, uxtw]
    libdis_test+0x1f0: ea 5b bf f8  prfm plil2keep, [sp, wzr, uxtw #3]
    libdis_test+0x1f4: 0a 68 a0 f8  prfm plil2keep, [x0, x0]
    libdis_test+0x1f8: ea 7b bf f8  prfm plil2keep, [sp, xzr, lsl #3]
    libdis_test+0x1fc: 0a c8 a0 f8  prfm plil2keep, [x0, w0, sxtw]
    libdis_test+0x200: ea db bf f8  prfm plil2keep, [sp, wzr, sxtw #3]
    libdis_test+0x204: 0a e8 a0 f8  prfm plil2keep, [x0, x0, sxtx]
    libdis_test+0x208: ea fb bf f8  prfm plil2keep, [sp, xzr, sxtx #3]
    libdis_test+0x20c: 0b 68 a0 f8  prfm plil2strm, [x0, x0]
    libdis_test+0x210: 0b 48 a0 f8  prfm plil2strm, [x0, w0, uxtw]
    libdis_test+0x214: eb 5b bf f8  prfm plil2strm, [sp, wzr, uxtw #3]
    libdis_test+0x218: 0b 68 a0 f8  prfm plil2strm, [x0, x0]
    libdis_test+0x21c: eb 7b bf f8  prfm plil2strm, [sp, xzr, lsl #3]
    libdis_test+0x220: 0b c8 a0 f8  prfm plil2strm, [x0, w0, sxtw]
    libdis_test+0x224: eb db bf f8  prfm plil2strm, [sp, wzr, sxtw #3]
    libdis_test+0x228: 0b e8 a0 f8  prfm plil2strm, [x0, x0, sxtx]
    libdis_test+0x22c: eb fb bf f8  prfm plil2strm, [sp, xzr, sxtx #3]
    libdis_test+0x230: 0c 68 a0 f8  prfm plil3keep, [x0, x0]
    libdis_test+0x234: 0c 48 a0 f8  prfm plil3keep, [x0, w0, uxtw]
    libdis_test+0x238: ec 5b bf f8  prfm plil3keep, [sp, wzr, uxtw #3]
    libdis_test+0x23c: 0c 68 a0 f8  prfm plil3keep, [x0, x0]
    libdis_test+0x240: ec 7b bf f8  prfm plil3keep, [sp, xzr, lsl #3]
    libdis_test+0x244: 0c c8 a0 f8  prfm plil3keep, [x0, w0, sxtw]
    libdis_test+0x248: ec db bf f8  prfm plil3keep, [sp, wzr, sxtw #3]
    libdis_test+0x24c: 0c e8 a0 f8  prfm plil3keep, [x0, x0, sxtx]
    libdis_test+0x250: ec fb bf f8  prfm plil3keep, [sp, xzr, sxtx #3]
    libdis_test+0x254: 0d 68 a0 f8  prfm plil3strm, [x0, x0]
    libdis_test+0x258: 0d 48 a0 f8  prfm plil3strm, [x0, w0, uxtw]
    libdis_test+0x25c: ed 5b bf f8  prfm plil3strm, [sp, wzr, uxtw #3]
    libdis_test+0x260: 0d 68 a0 f8  prfm plil3strm, [x0, x0]
    libdis_test+0x264: ed 7b bf f8  prfm plil3strm, [sp, xzr, lsl #3]
    libdis_test+0x268: 0d c8 a0 f8  prfm plil3strm, [x0, w0, sxtw]
    libdis_test+0x26c: ed db bf f8  prfm plil3strm, [sp, wzr, sxtw #3]
    libdis_test+0x270: 0d e8 a0 f8  prfm plil3strm, [x0, x0, sxtx]
    libdis_test+0x274: ed fb bf f8  prfm plil3strm, [sp, xzr, sxtx #3]
    libdis_test+0x278: 0e 68 a0 f8  prfm #0x0e, [x0, x0]
    libdis_test+0x27c: 0e 48 a0 f8  prfm #0x0e, [x0, w0, uxtw]
    libdis_test+0x280: ee 5b bf f8  prfm #0x0e, [sp, wzr, uxtw #3]
    libdis_test+0x284: 0e 68 a0 f8  prfm #0x0e, [x0, x0]
    libdis_test+0x288: ee 7b bf f8  prfm #0x0e, [sp, xzr, lsl #3]
    libdis_test+0x28c: 0e c8 a0 f8  prfm #0x0e, [x0, w0, sxtw]
    libdis_test+0x290: ee db bf f8  prfm #0x0e, [sp, wzr, sxtw #3]
    libdis_test+0x294: 0e e8 a0 f8  prfm #0x0e, [x0, x0, sxtx]
    libdis_test+0x298: ee fb bf f8  prfm #0x0e, [sp, xzr, sxtx #3]
    libdis_test+0x29c: 0f 68 a0 f8  prfm #0x0f, [x0, x0]
    libdis_test+0x2a0: 0f 48 a0 f8  prfm #0x0f, [x0, w0, uxtw]
    libdis_test+0x2a4: ef 5b bf f8  prfm #0x0f, [sp, wzr, uxtw #3]
    libdis_test+0x2a8: 0f 68 a0 f8  prfm #0x0f, [x0, x0]
    libdis_test+0x2ac: ef 7b bf f8  prfm #0x0f, [sp, xzr, lsl #3]
    libdis_test+0x2b0: 0f c8 a0 f8  prfm #0x0f, [x0, w0, sxtw]
    libdis_test+0x2b4: ef db bf f8  prfm #0x0f, [sp, wzr, sxtw #3]
    libdis_test+0x2b8: 0f e8 a0 f8  prfm #0x0f, [x0, x0, sxtx]
    libdis_test+0x2bc: ef fb bf f8  prfm #0x0f, [sp, xzr, sxtx #3]
    libdis_test+0x2c0: 10 68 a0 f8  prfm pstl1keep, [x0, x0]
    libdis_test+0x2c4: 10 48 a0 f8  prfm pstl1keep, [x0, w0, uxtw]
    libdis_test+0x2c8: f0 5b bf f8  prfm pstl1keep, [sp, wzr, uxtw #3]
    libdis_test+0x2cc: 10 68 a0 f8  prfm pstl1keep, [x0, x0]
    libdis_test+0x2d0: f0 7b bf f8  prfm pstl1keep, [sp, xzr, lsl #3]
    libdis_test+0x2d4: 10 c8 a0 f8  prfm pstl1keep, [x0, w0, sxtw]
    libdis_test+0x2d8: f0 db bf f8  prfm pstl1keep, [sp, wzr, sxtw #3]
    libdis_test+0x2dc: 10 e8 a0 f8  prfm pstl1keep, [x0, x0, sxtx]
    libdis_test+0x2e0: f0 fb bf f8  prfm pstl1keep, [sp, xzr, sxtx #3]
    libdis_test+0x2e4: 11 68 a0 f8  prfm pstl1strm, [x0, x0]
    libdis_test+0x2e8: 11 48 a0 f8  prfm pstl1strm, [x0, w0, uxtw]
    libdis_test+0x2ec: f1 5b bf f8  prfm pstl1strm, [sp, wzr, uxtw #3]
    libdis_test+0x2f0: 11 68 a0 f8  prfm pstl1strm, [x0, x0]
    libdis_test+0x2f4: f1 7b bf f8  prfm pstl1strm, [sp, xzr, lsl #3]
    libdis_test+0x2f8: 11 c8 a0 f8  prfm pstl1strm, [x0, w0, sxtw]
    libdis_test+0x2fc: f1 db bf f8  prfm pstl1strm, [sp, wzr, sxtw #3]
    libdis_test+0x300: 11 e8 a0 f8  prfm pstl1strm, [x0, x0, sxtx]
    libdis_test+0x304: f1 fb bf f8  prfm pstl1strm, [sp, xzr, sxtx #3]
    libdis_test+0x308: 12 68 a0 f8  prfm pstl2keep, [x0, x0]
    libdis_test+0x30c: 12 48 a0 f8  prfm pstl2keep, [x0, w0, uxtw]
    libdis_test+0x310: f2 5b bf f8  prfm pstl2keep, [sp, wzr, uxtw #3]
    libdis_test+0x314: 12 68 a0 f8  prfm pstl2keep, [x0, x0]
    libdis_test+0x318: f2 7b bf f8  prfm pstl2keep, [sp, xzr, lsl #3]
    libdis_test+0x31c: 12 c8 a0 f8  prfm pstl2keep, [x0, w0, sxtw]
    libdis_test+0x320: f2 db bf f8  prfm pstl2keep, [sp, wzr, sxtw #3]
    libdis_test+0x324: 12 e8 a0 f8  prfm pstl2keep, [x0, x0, sxtx]
    libdis_test+0x328: f2 fb bf f8  prfm pstl2keep, [sp, xzr, sxtx #3]
    libdis_test+0x32c: 13 68 a0 f8  prfm pstl2strm, [x0, x0]
    libdis_test+0x330: 13 48 a0 f8  prfm pstl2strm, [x0, w0, uxtw]
    libdis_test+0x334: f3 5b bf f8  prfm pstl2strm, [sp, wzr, uxtw #3]
    libdis_test+0x338: 13 68 a0 f8  prfm pstl2strm, [x0, x0]
    libdis_test+0x33c: f3 7b bf f8  prfm pstl2strm, [sp, xzr, lsl #3]
    libdis_test+0x340: 13 c8 a0 f8  prfm pstl2strm, [x0, w0, sxtw]
    libdis_test+0x344: f3 db bf f8  prfm pstl2strm, [sp, wzr, sxtw #3]
    libdis_test+0x348: 13 e8 a0 f8  prfm pstl2strm, [x0, x0, sxtx]
    libdis_test+0x34c: f3 fb bf f8  prfm pstl2strm, [sp, xzr, sxtx #3]
    libdis_test+0x350: 14 68 a0 f8  prfm pstl3keep, [x0, x0]
    libdis_test+0x354: 14 48 a0 f8  prfm pstl3keep, [x0, w0, uxtw]
    libdis_test+0x358: f4 5b bf f8  prfm pstl3keep, [sp, wzr, uxtw #3]
    libdis_test+0x35c: 14 68 a0 f8  prfm pstl3keep, [x0, x0]
    libdis_test+0x360: f4 7b bf f8  prfm pstl3keep, [sp, xzr, lsl #3]
    libdis_test+0x364: 14 c8 a0 f8  prfm pstl3keep, [x0, w0, sxtw]
    libdis_test+0x368: f4 db bf f8  prfm pstl3keep, [sp, wzr, sxtw #3]
    libdis_test+0x36c: 14 e8 a0 f8  prfm pstl3keep, [x0, x0, sxtx]
    libdis_test+0x370: f4 fb bf f8  prfm pstl3keep, [sp, xzr, sxtx #3]
    libdis_test+0x374: 15 68 a0 f8  prfm pstl3strm, [x0, x0]
    libdis_test+0x378: 15 48 a0 f8  prfm pstl3strm, [x0, w0, uxtw]
    libdis_test+0x37c: f5 5b bf f8  prfm pstl3strm, [sp, wzr, uxtw #3]
    libdis_test+0x380: 15 68 a0 f8  prfm pstl3strm, [x0, x0]
    libdis_test+0x384: f5 7b bf f8  prfm pstl3strm, [sp, xzr, lsl #3]
    libdis_test+0x388: 15 c8 a0 f8  prfm pstl3strm, [x0, w0, sxtw]
    libdis_test+0x38c: f5 db bf f8  prfm pstl3strm, [sp, wzr, sxtw #3]
    libdis_test+0x390: 15 e8 a0 f8  prfm pstl3strm, [x0, x0, sxtx]
    libdis_test+0x394: f5 fb bf f8  prfm pstl3strm, [sp, xzr, sxtx #3]
    libdis_test+0x398: 16 68 a0 f8  prfm #0x16, [x0, x0]
    libdis_test+0x39c: 16 48 a0 f8  prfm #0x16, [x0, w0, uxtw]
    libdis_test+0x3a0: f6 5b bf f8  prfm #0x16, [sp, wzr, uxtw #3]
    libdis_test+0x3a4: 16 68 a0 f8  prfm #0x16, [x0, x0]
    libdis_test+0x3a8: f6 7b bf f8  prfm #0x16, [sp, xzr, lsl #3]
    libdis_test+0x3ac: 16 c8 a0 f8  prfm #0x16, [x0, w0, sxtw]
    libdis_test+0x3b0: f6 db bf f8  prfm #0x16, [sp, wzr, sxtw #3]
    libdis_test+0x3b4: 16 e8 a0 f8  prfm #0x16, [x0, x0, sxtx]
    libdis_test+0x3b8: f6 fb bf f8  prfm #0x16, [sp, xzr, sxtx #3]
    libdis_test+0x3bc: 17 68 a0 f8  prfm #0x17, [x0, x0]
    libdis_test+0x3c0: 17 48 a0 f8  prfm #0x17, [x0, w0, uxtw]
    libdis_test+0x3c4: f7 5b bf f8  prfm #0x17, [sp, wzr, uxtw #3]
    libdis_test+0x3c8: 17 68 a0 f8  prfm #0x17, [x0, x0]
    libdis_test+0x3cc: f7 7b bf f8  prfm #0x17, [sp, xzr, lsl #3]
    libdis_test+0x3d0: 17 c8 a0 f8  prfm #0x17, [x0, w0, sxtw]
    libdis_test+0x3d4: f7 db bf f8  prfm #0x17, [sp, wzr, sxtw #3]
    libdis_test+0x3d8: 17 e8 a0 f8  prfm #0x17, [x0, x0, sxtx]
    libdis_test+0x3dc: f7 fb bf f8  prfm #0x17, [sp, xzr, sxtx #3]
    libdis_test+0x3e0: 18 68 a0 f8  prfm #0x18, [x0, x0]
    libdis_test+0x3e4: 18 48 a0 f8  prfm #0x18, [x0, w0, uxtw]
    libdis_test+0x3e8: f8 5b bf f8  prfm #0x18, [sp, wzr, uxtw #3]
    libdis_test+0x3ec: 18 68 a0 f8  prfm #0x18, [x0, x0]
    libdis_test+0x3f0: f8 7b bf f8  prfm #0x18, [sp, xzr, lsl #3]
    libdis_test+0x3f4: 18 c8 a0 f8  prfm #0x18, [x0, w0, sxtw]
    libdis_test+0x3f8: f8 db bf f8  prfm #0x18, [sp, wzr, sxtw #3]
    libdis_test+0x3fc: 18 e8 a0 f8  prfm #0x18, [x0, x0, sxtx]
    libdis_test+0x400: f8 fb bf f8  prfm #0x18, [sp, xzr, sxtx #3]
    libdis_test+0x404: 19 68 a0 f8  prfm #0x19, [x0, x0]
    libdis_test+0x408: 19 48 a0 f8  prfm #0x19, [x0, w0, uxtw]
    libdis_test+0x40c: f9 5b bf f8  prfm #0x19, [sp, wzr, uxtw #3]
    libdis_test+0x410: 19 68 a0 f8  prfm #0x19, [x0, x0]
    libdis_test+0x414: f9 7b bf f8  prfm #0x19, [sp, xzr, lsl #3]
    libdis_test+0x418: 19 c8 a0 f8  prfm #0x19, [x0, w0, sxtw]
    libdis_test+0x41c: f9 db bf f8  prfm #0x19, [sp, wzr, sxtw #3]
    libdis_test+0x420: 19 e8 a0 f8  prfm #0x19, [x0, x0, sxtx]
    libdis_test+0x424: f9 fb bf f8  prfm #0x19, [sp, xzr, sxtx #3]
    libdis_test+0x428: 1a 68 a0 f8  prfm #0x1a, [x0, x0]
    libdis_test+0x42c: 1a 48 a0 f8  prfm #0x1a, [x0, w0, uxtw]
    libdis_test+0x430: fa 5b bf f8  prfm #0x1a, [sp, wzr, uxtw #3]
    libdis_test+0x434: 1a 68 a0 f8  prfm #0x1a, [x0, x0]
    libdis_test+0x438: fa 7b bf f8  prfm #0x1a, [sp, xzr, lsl #3]
    libdis_test+0x43c: 1a c8 a0 f8  prfm #0x1a, [x0, w0, sxtw]
    libdis_test+0x440: fa db bf f8  prfm #0x1a, [sp, wzr, sxtw #3]
    libdis_test+0x444: 1a e8 a0 f8  prfm #0x1a, [x0, x0, sxtx]
    libdis_test+0x448: fa fb bf f8  prfm #0x1a, [sp, xzr, sxtx #3]
    libdis_test+0x44c: 1b 68 a0 f8  prfm #0x1b, [x0, x0]
    libdis_test+0x450: 1b 48 a0 f8  prfm #0x1b, [x0, w0, uxtw]
    libdis_test+0x454: fb 5b bf f8  prfm #0x1b, [sp, wzr, uxtw #3]
    libdis_test+0x458: 1b 68 a0 f8  prfm #0x1b, [x0, x0]
    libdis_test+0x45c: fb 7b bf f8  prfm #0x1b, [sp, xzr, lsl #3]
    libdis_test+0x460: 1b c8 a0 f8  prfm #0x1b, [x0, w0, sxtw]
    libdis_test+0x464: fb db bf f8  prfm #0x1b, [sp, wzr, sxtw #3]
    libdis_test+0x468: 1b e8 a0 f8  prfm #0x1b, [x0, x0, sxtx]
    libdis_test+0x46c: fb fb bf f8  prfm #0x1b, [sp, xzr, sxtx #3]
    libdis_test+0x470: 1c 68 a0 f8  prfm #0x1c, [x0, x0]
    libdis_test+0x474: 1c 48 a0 f8  prfm #0x1c, [x0, w0, uxtw]
    libdis_test+0x478: fc 5b bf f8  prfm #0x1c, [sp, wzr, uxtw #3]
    libdis_test+0x47c: 1c 68 a0 f8  prfm #0x1c, [x0, x0]
    libdis_test+0x480: fc 7b bf f8  prfm #0x1c, [sp, xzr, lsl #3]
    libdis_test+0x484: 1c c8 a0 f8  prfm #0x1c, [x0, w0, sxtw]
    libdis_test+0x488: fc db bf f8  prfm #0x1c, [sp, wzr, sxtw #3]
    libdis_test+0x48c: 1c e8 a0 f8  prfm #0x1c, [x0, x0, sxtx]
    libdis_test+0x490: fc fb bf f8  prfm #0x1c, [sp, xzr, sxtx #3]
    libdis_test+0x494: 1d 68 a0 f8  prfm #0x1d, [x0, x0]
    libdis_test+0x498: 1d 48 a0 f8  prfm #0x1d, [x0, w0, uxtw]
    libdis_test+0x49c: fd 5b bf f8  prfm #0x1d, [sp, wzr, uxtw #3]
    libdis_test+0x4a0: 1d 68 a0 f8  prfm #0x1d, [x0, x0]
    libdis_test+0x4a4: fd 7b bf f8  prfm #0x1d, [sp, xzr, lsl #3]
    libdis_test+0x4a8: 1d c8 a0 f8  prfm #0x1d, [x0, w0, sxtw]
    libdis_test+0x4ac: fd db bf f8  prfm #0x1d, [sp, wzr, sxtw #3]
    libdis_test+0x4b0: 1d e8 a0 f8  prfm #0x1d, [x0, x0, sxtx]
    libdis_test+0x4b4: fd fb bf f8  prfm #0x1d, [sp, xzr, sxtx #3]
    libdis_test+0x4b8: 1e 68 a0 f8  prfm #0x1e, [x0, x0]
    libdis_test+0x4bc: 1e 48 a0 f8  prfm #0x1e, [x0, w0, uxtw]
    libdis_test+0x4c0: fe 5b bf f8  prfm #0x1e, [sp, wzr, uxtw #3]
    libdis_test+0x4c4: 1e 68 a0 f8  prfm #0x1e, [x0, x0]
    libdis_test+0x4c8: fe 7b bf f8  prfm #0x1e, [sp, xzr, lsl #3]
    libdis_test+0x4cc: 1e c8 a0 f8  prfm #0x1e, [x0, w0, sxtw]
    libdis_test+0x4d0: fe db bf f8  prfm #0x1e, [sp, wzr, sxtw #3]
    libdis_test+0x4d4: 1e e8 a0 f8  prfm #0x1e, [x0, x0, sxtx]
    libdis_test+0x4d8: fe fb bf f8  prfm #0x1e, [sp, xzr, sxtx #3]
    libdis_test+0x4dc: 1f 68 a0 f8  prfm #0x1f, [x0, x0]
    libdis_test+0x4e0: 1f 48 a0 f8  prfm #0x1f, [x0, w0, uxtw]
    libdis_test+0x4e4: ff 5b bf f8  prfm #0x1f, [sp, wzr, uxtw #3]
    libdis_test+0x4e8: 1f 68 a0 f8  prfm #0x1f, [x0, x0]
    libdis_test+0x4ec: ff 7b bf f8  prfm #0x1f, [sp, xzr, lsl #3]
    libdis_test+0x4f0: 1f c8 a0 f8  prfm #0x1f, [x0, w0, sxtw]
    libdis_test+0x4f4: ff db bf f8  prfm #0x1f, [sp, wzr, sxtw #3]
    libdis_test+0x4f8: 1f e8 a0 f8  prfm #0x1f, [x0, x0, sxtx]
    libdis_test+0x4fc: ff fb bf f8  prfm #0x1f, [sp, xzr, sxtx #3]
    libdis_test+0x500: 00 00 80 f8  prfum pldl1keep, [x0]
    libdis_test+0x504: e0 03 90 f8  prfum pldl1keep, [sp, #-256]
    libdis_test+0x508: c0 f3 8f f8  prfum pldl1keep, [x30, #255]
    libdis_test+0x50c: 20 10 80 f8  prfum pldl1keep, [x1, #1]
    libdis_test+0x510: 20 f0 9f f8  prfum pldl1keep, [x1, #-1]
    libdis_test+0x514: 01 00 80 f8  prfum pldl1strm, [x0]
    libdis_test+0x518: e1 03 90 f8  prfum pldl1strm, [sp, #-256]
    libdis_test+0x51c: c1 f3 8f f8  prfum pldl1strm, [x30, #255]
    libdis_test+0x520: 21 10 80 f8  prfum pldl1strm, [x1, #1]
    libdis_test+0x524: 21 f0 9f f8  prfum pldl1strm, [x1, #-1]
    libdis_test+0x528: 02 00 80 f8  prfum pldl2keep, [x0]
    libdis_test+0x52c: e2 03 90 f8  prfum pldl2keep, [sp, #-256]
    libdis_test+0x530: c2 f3 8f f8  prfum pldl2keep, [x30, #255]
    libdis_test+0x534: 22 10 80 f8  prfum pldl2keep, [x1, #1]
    libdis_test+0x538: 22 f0 9f f8  prfum pldl2keep, [x1, #-1]
    libdis_test+0x53c: 03 00 80 f8  prfum pldl2strm, [x0]
    libdis_test+0x540: e3 03 90 f8  prfum pldl2strm, [sp, #-256]
    libdis_test+0x544: c3 f3 8f f8  prfum pldl2strm, [x30, #255]
    libdis_test+0x548: 23 10 80 f8  prfum pldl2strm, [x1, #1]
    libdis_test+0x54c: 23 f0 9f f8  prfum pldl2strm, [x1, #-1]
    libdis_test+0x550: 04 00 80 f8  prfum pldl3keep, [x0]
    libdis_test+0x554: e4 03 90 f8  prfum pldl3keep, [sp, #-256]
    libdis_test+0x558: c4 f3 8f f8  prfum pldl3keep, [x30, #255]
    libdis_test+0x55c: 24 10 80 f8  prfum pldl3keep, [x1, #1]
    libdis_test+0x560: 24 f0 9f f8  prfum pldl3keep, [x1, #-1]
    libdis_test+0x564: 05 00 80 f8  prfum pldl3strm, [x0]
    libdis_test+0x568: e5 03 90 f8  prfum pldl3strm, [sp, #-256]
    libdis_test+0x56c: c5 f3 8f f8  prfum pldl3strm, [x30, #255]
    libdis_test+0x570: 25 10 80 f8  prfum pldl3strm, [x1, #1]
    libdis_test+0x574: 25 f0 9f f8  prfum pldl3strm, [x1, #-1]
    libdis_test+0x578: 06 00 80 f8  prfum #0x06, [x0]
    libdis_test+0x57c: e6 03 90 f8  prfum #0x06, [sp, #-256]
    libdis_test+0x580: c6 f3 8f f8  prfum #0x06, [x30, #255]
    libdis_test+0x584: 26 10 80 f8  prfum #0x06, [x1, #1]
    libdis_test+0x588: 26 f0 9f f8  prfum #0x06, [x1, #-1]
    libdis_test+0x58c: 07 00 80 f8  prfum #0x07, [x0]
    libdis_test+0x590: e7 03 90 f8  prfum #0x07, [sp, #-256]
    libdis_test+0x594: c7 f3 8f f8  prfum #0x07, [x30, #255]
    libdis_test+0x598: 27 10 80 f8  prfum #0x07, [x1, #1]
    libdis_test+0x59c: 27 f0 9f f8  prfum #0x07, [x1, #-1]
    libdis_test+0x5a0: 08 00 80 f8  prfum plil1keep, [x0]
    libdis_test+0x5a4: e8 03 90 f8  prfum plil1keep, [sp, #-256]
    libdis_test+0x5a8: c8 f3 8f f8  prfum plil1keep, [x30, #255]
    libdis_test+0x5ac: 28 10 80 f8  prfum plil1keep, [x1, #1]
    libdis_test+0x5b0: 28 f0 9f f8  prfum plil1keep, [x1, #-1]
    libdis_test+0x5b4: 09 00 80 f8  prfum plil1strm, [x0]
    libdis_test+0x5b8: e9 03 90 f8  prfum plil1strm, [sp, #-256]
    libdis_test+0x5bc: c9 f3 8f f8  prfum plil1strm, [x30, #255]
    libdis_test+0x5c0: 29 10 80 f8  prfum plil1strm, [x1, #1]
    libdis_test+0x5c4: 29 f0 9f f8  prfum plil1strm, [x1, #-1]
    libdis_test+0x5c8: 0a 00 80 f8  prfum plil2keep, [x0]
    libdis_test+0x5cc: ea 03 90 f8  prfum plil2keep, [sp, #-256]
    libdis_test+0x5d0: ca f3 8f f8  prfum plil2keep, [x30, #255]
    libdis_test+0x5d4: 2a 10 80 f8  prfum plil2keep, [x1, #1]
    libdis_test+0x5d8: 2a f0 9f f8  prfum plil2keep, [x1, #-1]
    libdis_test+0x5dc: 0b 00 80 f8  prfum plil2strm, [x0]
    libdis_test+0x5e0: eb 03 90 f8  prfum plil2strm, [sp, #-256]
    libdis_test+0x5e4: cb f3 8f f8  prfum plil2strm, [x30, #255]
    libdis_test+0x5e8: 2b 10 80 f8  prfum plil2strm, [x1, #1]
    libdis_test+0x5ec: 2b f0 9f f8  prfum plil2strm, [x1, #-1]
    libdis_test+0x5f0: 0c 00 80 f8  prfum plil3keep, [x0]
    libdis_test+0x5f4: ec 03 90 f8  prfum plil3keep, [sp, #-256]
    libdis_test+0x5f8: cc f3 8f f8  prfum plil3keep, [x30, #255]
    libdis_test+0x5fc: 2c 10 80 f8  prfum plil3keep, [x1, #1]
    libdis_test+0x600: 2c f0 9f f8  prfum plil3keep, [x1, #-1]
    libdis_test+0x604: 0d 00 80 f8  prfum plil3strm, [x0]
    libdis_test+0x608: ed 03 90 f8  prfum plil3strm, [sp, #-256]
    libdis_test+0x60c: cd f3 8f f8  prfum plil3strm, [x30, #255]
    libdis_test+0x610: 2d 10 80 f8  prfum plil3strm, [x1, #1]
    libdis_test+0x614: 2d f0 9f f8  prfum plil3strm, [x1, #-1]
    libdis_test+0x618: 0e 00 80 f8  prfum #0x0e, [x0]
    libdis_test+0x61c: ee 03 90 f8  prfum #0x0e, [sp, #-256]
    libdis_test+0x620: ce f3 8f f8  prfum #0x0e, [x30, #255]
    libdis_test+0x624: 2e 10 80 f8  prfum #0x0e, [x1, #1]
    libdis_test+0x628: 2e f0 9f f8  prfum #0x0e, [x1, #-1]
    libdis_test+0x62c: 0f 00 80 f8  prfum #0x0f, [x0]
    libdis_test+0x630: ef 03 90 f8  prfum #0x0f, [sp, #-256]
    libdis_test+0x634: cf f3 8f f8  prfum #0x0f, [x30, #255]
    libdis_test+0x638: 2f 10 80 f8  prfum #0x0f, [x1, #1]
    libdis_test+0x63c: 2f f0 9f f8  prfum #0x0f, [x1, #-1]
    libdis_test+0x640: 10 00 80 f8  prfum pstl1keep, [x0]
    libdis_test+0x644: f0 03 90 f8  prfum pstl1keep, [sp, #-256]
    libdis_test+0x648: d0 f3 8f f8  prfum pstl1keep, [x30, #255]
    libdis_test+0x64c: 30 10 80 f8  prfum pstl1keep, [x1, #1]
    libdis_test+0x650: 30 f0 9f f8  prfum pstl1keep, [x1, #-1]
    libdis_test+0x654: 11 00 80 f8  prfum pstl1strm, [x0]
    libdis_test+0x658: f1 03 90 f8  prfum pstl1strm, [sp, #-256]
    libdis_test+0x65c: d1 f3 8f f8  prfum pstl1strm, [x30, #255]
    libdis_test+0x660: 31 10 80 f8  prfum pstl1strm, [x1, #1]
    libdis_test+0x664: 31 f0 9f f8  prfum pstl1strm, [x1, #-1]
    libdis_test+0x668: 12 00 80 f8  prfum pstl2keep, [x0]
    libdis_test+0x66c: f2 03 90 f8  prfum pstl2keep, [sp, #-256]
    libdis_test+0x670: d2 f3 8f f8  prfum pstl2keep, [x30, #255]
    libdis_test+0x674: 32 10 80 f8  prfum pstl2keep, [x1, #1]
    libdis_test+0x678: 32 f0 9f f8  prfum pstl2keep, [x1, #-1]
    libdis_test+0x67c: 13 00 80 f8  prfum pstl2strm, [x0]
    libdis_test+0x680: f3 03 90 f8  prfum pstl2strm, [sp, #-256]
    libdis_test+0x684: d3 f3 8f f8  prfum pstl2strm, [x30, #255]
    libdis_test+0x688: 33 10 80 f8  prfum pstl2strm, [x1, #1]
    libdis_test+0x68c: 33 f0 9f f8  prfum pstl2strm, [x1, #-1]
    libdis_test+0x690: 14 00 80 f8  prfum pstl3keep, [x0]
    libdis_test+0x694: f4 03 90 f8  prfum pstl3keep, [sp, #-256]
    libdis_test+0x698: d4 f3 8f f8  prfum pstl3keep, [x30, #255]
    libdis_test+0x69c: 34 10 80 f8  prfum pstl3keep, [x1, #1]
    libdis_test+0x6a0: 34 f0 9f f8  prfum pstl3keep, [x1, #-1]
    libdis_test+0x6a4: 15 00 80 f8  prfum pstl3strm, [x0]
    libdis_test+0x6a8: f5 03 90 f8  prfum pstl3strm, [sp, #-256]
    libdis_test+0x6ac: d5 f3 8f f8  prfum pstl3strm, [x30, #255]
    libdis_test+0x6b0: 35 10 80 f8  prfum pstl3strm, [x1, #1]
    libdis_test+0x6b4: 35 f0 9f f8  prfum pstl3strm, [x1, #-1]
    libdis_test+0x6b8: 16 00 80 f8  prfum #0x16, [x0]
    libdis_test+0x6bc: f6 03 90 f8  prfum #0x16, [sp, #-256]
    libdis_test+0x6c0: d6 f3 8f f8  prfum #0x16, [x30, #255]
    libdis_test+0x6c4: 36 10 80 f8  prfum #0x16, [x1, #1]
    libdis_test+0x6c8: 36 f0 9f f8  prfum #0x16, [x1, #-1]
    libdis_test+0x6cc: 17 00 80 f8  prfum #0x17, [x0]
    libdis_test+0x6d0: f7 03 90 f8  prfum #0x17, [sp, #-256]
    libdis_test+0x6d4: d7 f3 8f f8  prfum #0x17, [x30, #255]
    libdis_test+0x6d8: 37 10 80 f8  prfum #0x17, [x1, #1]
    libdis_test+0x6dc: 37 f0 9f f8  prfum #0x17, [x1, #-1]
    libdis_test+0x6e0: 18 00 80 f8  prfum #0x18, [x0]
    libdis_test+0x6e4: f8 03 90 f8  prfum #0x18, [sp, #-256]
    libdis_test+0x6e8: d8 f3 8f f8  prfum #0x18, [x30, #255]
    libdis_test+0x6ec: 38 10 80 f8  prfum #0x18, [x1, #1]
    libdis_test+0x6f0: 38 f0 9f f8  prfum #0x18, [x1, #-1]
    libdis_test+0x6f4: 19 00 80 f8  prfum #0x19, [x0]
    libdis_test+0x6f8: f9 03 90 f8  prfum #0x19, [sp, #-256]
    libdis_test+0x6fc: d9 f3 8f f8  prfum #0x19, [x30, #255]
    libdis_test+0x700: 39 10 80 f8  prfum #0x19, [x1, #1]
    libdis_test+0x704: 39 f0 9f f8  prfum #0x19, [x1, #-1]
    libdis_test+0x708: 1a 00 80 f8  prfum #0x1a, [x0]
    libdis_test+0x70c: fa 03 90 f8  prfum #0x1a, [sp, #-256]
    libdis_test+0x710: da f3 8f f8  prfum #0x1a, [x30, #255]
    libdis_test+0x714: 3a 10 80 f8  prfum #0x1a, [x1, #1]
    libdis_test+0x718: 3a f0 9f f8  prfum #0x1a, [x1, #-1]
    libdis_test+0x71c: 1b 00 80 f8  prfum #0x1b, [x0]
    libdis_test+0x720: fb 03 90 f8  prfum #0x1b, [sp, #-256]
    libdis_test+0x724: db f3 8f f8  prfum #0x1b, [x30, #255]
    libdis_test+0x728: 3b 10 80 f8  prfum #0x1b, [x1, #1]
    libdis_test+0x72c: 3b f0 9f f8  prfum #0x1b, [x1, #-1]
    libdis_test+0x730: 1c 00 80 f8  prfum #0x1c, [x0]
    libdis_test+0x734: fc 03 90 f8  prfum #0x1c, [sp, #-256]
    libdis_test+0x738: dc f3 8f f8  prfum #0x1c, [x30, #255]
    libdis_test+0x73c: 3c 10 80 f8  prfum #0x1c, [x1, #1]
    libdis_test+0x740: 3c f0 9f f8  prfum #0x1c, [x1, #-1]
    libdis_test+0x744: 1d 00 80 f8  prfum #0x1d, [x0]
    libdis_test+0x748: fd 03 90 f8  prfum #0x1d, [sp, #-256]
    libdis_test+0x74c: dd f3 8f f8  prfum #0x1d, [x30, #255]
    libdis_test+0x750: 3d 10 80 f8  prfum #0x1d, [x1, #1]
    libdis_test+0x754: 3d f0 9f f8  prfum #0x1d, [x1, #-1]
    libdis_test+0x758: 1e 00 80 f8  prfum #0x1e, [x0]
    libdis_test+0x75c: fe 03 90 f8  prfum #0x1e, [sp, #-256]
    libdis_test+0x760: de f3 8f f8  prfum #0x1e, [x30, #255]
    libdis_test+0x764: 3e 10 80 f8  prfum #0x1e, [x1, #1]
    libdis_test+0x768: 3e f0 9f f8  prfum #0x1e, [x1, #-1]
    libdis_test+0x76c: 1f 00 80 f8  prfum #0x1f, [x0]
    libdis_test+0x770: ff 03 90 f8  prfum #0x1f, [sp, #-256]
    libdis_test+0x774: df f3 8f f8  prfum #0x1f, [x30, #255]
    libdis_test+0x778: 3f 10 80 f8  prfum #0x1f, [x1, #1]
    libdis_test+0x77c: 3f f0 9f f8  prfum #0x1f, [x1, #-1]
    libdis_test+0x780: 00 00 80 f9  prfm pldl1keep, [x0]
    libdis_test+0x784: e0 03 80 f9  prfm pldl1keep, [sp]
    libdis_test+0x788: c0 ff bf f9  prfm pldl1keep, [x30, #32760]
    libdis_test+0x78c: 20 04 80 f9  prfm pldl1keep, [x1, #8]
    libdis_test+0x790: 01 00 80 f9  prfm pldl1strm, [x0]
    libdis_test+0x794: e1 03 80 f9  prfm pldl1strm, [sp]
    libdis_test+0x798: c1 ff bf f9  prfm pldl1strm, [x30, #32760]
    libdis_test+0x79c: 21 04 80 f9  prfm pldl1strm, [x1, #8]
    libdis_test+0x7a0: 02 00 80 f9  prfm pldl2keep, [x0]
    libdis_test+0x7a4: e2 03 80 f9  prfm pldl2keep, [sp]
    libdis_test+0x7a8: c2 ff bf f9  prfm pldl2keep, [x30, #32760]
    libdis_test+0x7ac: 22 04 80 f9  prfm pldl2keep, [x1, #8]
    libdis_test+0x7b0: 03 00 80 f9  prfm pldl2strm, [x0]
    libdis_test+0x7b4: e3 03 80 f9  prfm pldl2strm, [sp]
    libdis_test+0x7b8: c3 ff bf f9  prfm pldl2strm, [x30, #32760]
    libdis_test+0x7bc: 23 04 80 f9  prfm pldl2strm, [x1, #8]
    libdis_test+0x7c0: 04 00 80 f9  prfm pldl3keep, [x0]
    libdis_test+0x7c4: e4 03 80 f9  prfm pldl3keep, [sp]
    libdis_test+0x7c8: c4 ff bf f9  prfm pldl3keep, [x30, #32760]
    libdis_test+0x7cc: 24 04 80 f9  prfm pldl3keep, [x1, #8]
    libdis_test+0x7d0: 05 00 80 f9  prfm pldl3strm, [x0]
    libdis_test+0x7d4: e5 03 80 f9  prfm pldl3strm, [sp]
    libdis_test+0x7d8: c5 ff bf f9  prfm pldl3strm, [x30, #32760]
    libdis_test+0x7dc: 25 04 80 f9  prfm pldl3strm, [x1, #8]
    libdis_test+0x7e0: 06 00 80 f9  prfm #0x06, [x0]
    libdis_test+0x7e4: e6 03 80 f9  prfm #0x06, [sp]
    libdis_test+0x7e8: c6 ff bf f9  prfm #0x06, [x30, #32760]
    libdis_test+0x7ec: 26 04 80 f9  prfm #0x06, [x1, #8]
    libdis_test+0x7f0: 07 00 80 f9  prfm #0x07, [x0]
    libdis_test+0x7f4: e7 03 80 f9  prfm #0x07, [sp]
    libdis_test+0x7f8: c7 ff bf f9  prfm #0x07, [x30, #32760]
    libdis_test+0x7fc: 27 04 80 f9  prfm #0x07, [x1, #8]
    libdis_test+0x800: 08 00 80 f9  prfm plil1keep, [x0]
    libdis_test+0x804: e8 03 80 f9  prfm plil1keep, [sp]
    libdis_test+0x808: c8 ff bf f9  prfm plil1keep, [x30, #32760]
    libdis_test+0x80c: 28 04 80 f9  prfm plil1keep, [x1, #8]
    libdis_test+0x810: 09 00 80 f9  prfm plil1strm, [x0]
    libdis_test+0x814: e9 03 80 f9  prfm plil1strm, [sp]
    libdis_test+0x818: c9 ff bf f9  prfm plil1strm, [x30, #32760]
    libdis_test+0x81c: 29 04 80 f9  prfm plil1strm, [x1, #8]
    libdis_test+0x820: 0a 00 80 f9  prfm plil2keep, [x0]
    libdis_test+0x824: ea 03 80 f9  prfm plil2keep, [sp]
    libdis_test+0x828: ca ff bf f9  prfm plil2keep, [x30, #32760]
    libdis_test+0x82c: 2a 04 80 f9  prfm plil2keep, [x1, #8]
    libdis_test+0x830: 0b 00 80 f9  prfm plil2strm, [x0]
    libdis_test+0x834: eb 03 80 f9  prfm plil2strm, [sp]
    libdis_test+0x838: cb ff bf f9  prfm plil2strm, [x30, #32760]
    libdis_test+0x83c: 2b 04 80 f9  prfm plil2strm, [x1, #8]
    libdis_test+0x840: 0c 00 80 f9  prfm plil3keep, [x0]
    libdis_test+0x844: ec 03 80 f9  prfm plil3keep, [sp]
    libdis_test+0x848: cc ff bf f9  prfm plil3keep, [x30, #32760]
    libdis_test+0x84c: 2c 04 80 f9  prfm plil3keep, [x1, #8]
    libdis_test+0x850: 0d 00 80 f9  prfm plil3strm, [x0]
    libdis_test+0x854: ed 03 80 f9  prfm plil3strm, [sp]
    libdis_test+0x858: cd ff bf f9  prfm plil3strm, [x30, #32760]
    libdis_test+0x85c: 2d 04 80 f9  prfm plil3strm, [x1, #8]
    libdis_test+0x860: 0e 00 80 f9  prfm #0x0e, [x0]
    libdis_test+0x864: ee 03 80 f9  prfm #0x0e, [sp]
    libdis_test+0x868: ce ff bf f9  prfm #0x0e, [x30, #32760]
    libdis_test+0x86c: 2e 04 80 f9  prfm #0x0e, [x1, #8]
    libdis_test+0x870: 0f 00 80 f9  prfm #0x0f, [x0]
    libdis_test+0x874: ef 03 80 f9  prfm #0x0f, [sp]
    libdis_test+0x878: cf ff bf f9  prfm #0x0f, [x30, #32760]
    libdis_test+0x87c: 2f 04 80 f9  prfm #0x0f, [x1, #8]
    libdis_test+0x880: 10 00 80 f9  prfm pstl1keep, [x0]
    libdis_test+0x884: f0 03 80 f9  prfm pstl1keep, [sp]
    libdis_test+0x888: d0 ff bf f9  prfm pstl1keep, [x30, #32760]
    libdis_test+0x88c: 30 04 80 f9  prfm pstl1keep, [x1, #8]
    libdis_test+0x890: 11 00 80 f9  prfm pstl1strm, [x0]
    libdis_test+0x894: f1 03 80 f9  prfm pstl1strm, [sp]
    libdis_test+0x898: d1 ff bf f9  prfm pstl1strm, [x30, #32760]
    libdis_test+0x89c: 31 04 80 f9  prfm pstl1strm, [x1, #8]
    libdis_test+0x8a0: 12 00 80 f9  prfm pstl2keep, [x0]
    libdis_test+0x8a4: f2 03 80 f9  prfm pstl2keep, [sp]
    libdis_test+0x8a8: d2 ff bf f9  prfm pstl2keep, [x30, #32760]
    libdis_test+0x8ac: 32 04 80 f9  prfm pstl2keep, [x1, #8]
    libdis_test+0x8b0: 13 00 80 f9  prfm pstl2strm, [x0]
    libdis_test+0x8b4: f3 03 80 f9  prfm pstl2strm, [sp]
    libdis_test+0x8b8: d3 ff bf f9  prfm pstl2strm, [x30, #32760]
    libdis_test+0x8bc: 33 04 80 f9  prfm pstl2strm, [x1, #8]
    libdis_test+0x8c0: 14 00 80 f9  prfm pstl3keep, [x0]
    libdis_test+0x8c4: f4 03 80 f9  prfm pstl3keep, [sp]
    libdis_test+0x8c8: d4 ff bf f9  prfm pstl3keep, [x30, #32760]
    libdis_test+0x8cc: 34 04 80 f9  prfm pstl3keep, [x1, #8]
    libdis_test+0x8d0: 15 00 80 f9  prfm pstl3strm, [x0]
    libdis_test+0x8d4: f5 03 80 f9  prfm pstl3strm, [sp]
    libdis_test+0x8d8: d5 ff bf f9  prfm pstl3strm, [x30, #32760]
    libdis_test+0x8dc: 35 04 80 f9  prfm pstl3strm, [x1, #8]
    libdis_test+0x8e0: 16 00 80 f9  prfm #0x16, [x0]
    libdis_test+0x8e4: f6 03 80 f9  prfm #0x16, [sp]
    libdis_test+0x8e8: d6 ff bf f9  prfm #0x16, [x30, #32760]
    libdis_test+0x8ec: 36 04 80 f9  prfm #0x16, [x1, #8]
    libdis_test+0x8f0: 17 00 80 f9  prfm #0x17, [x0]
    libdis_test+0x8f4: f7 03 80 f9  prfm #0x17, [sp]
    libdis_test+0x8f8: d7 ff bf f9  prfm #0x17, [x30, #32760]
    libdis_test+0x8fc: 37 04 80 f9  prfm #0x17, [x1, #8]
    libdis_test+0x900: 18 00 80 f9  prfm #0x18, [x0]
    libdis_test+0x904: f8 03 80 f9  prfm #0x18, [sp]
    libdis_test+0x908: d8 ff bf f9  prfm #0x18, [x30, #32760]
    libdis_test+0x90c: 38 04 80 f9  prfm #0x18, [x1, #8]
    libdis_test+0x910: 19 00 80 f9  prfm #0x19, [x0]
    libdis_test+0x914: f9 03 80 f9  prfm #0x19, [sp]
    libdis_test+0x918: d9 ff bf f9  prfm #0x19, [x30, #32760]
    libdis_test+0x91c: 39 04 80 f9  prfm #0x19, [x1, #8]
    libdis_test+0x920: 1a 00 80 f9  prfm #0x1a, [x0]
    libdis_test+0x924: fa 03 80 f9  prfm #0x1a, [sp]
    libdis_test+0x928: da ff bf f9  prfm #0x1a, [x30, #32760]
    libdis_test+0x92c: 3a 04 80 f9  prfm #0x1a, [x1, #8]
    libdis_test+0x930: 1b 00 80 f9  prfm #0x1b, [x0]
    libdis_test+0x934: fb 03 80 f9  prfm #0x1b, [sp]
    libdis_test+0x938: db ff bf f9  prfm #0x1b, [x30, #32760]
    libdis_test+0x93c: 3b 04 80 f9  prfm #0x1b, [x1, #8]
    libdis_test+0x940: 1c 00 80 f9  prfm #0x1c, [x0]
    libdis_test+0x944: fc 03 80 f9  prfm #0x1c, [sp]
    libdis_test+0x948: dc ff bf f9  prfm #0x1c, [x30, #32760]
    libdis_test+0x94c: 3c 04 80 f9  prfm #0x1c, [x1, #8]
    libdis_test+0x950: 1d 00 80 f9  prfm #0x1d, [x0]
    libdis_test+0x954: fd 03 80 f9  prfm #0x1d, [sp]
    libdis_test+0x958: dd ff bf f9  prfm #0x1d, [x30, #32760]
    libdis_test+0x95c: 3d 04 80 f9  prfm #0x1d, [x1, #8]
    libdis_test+0x960: 1e 00 80 f9  prfm #0x1e, [x0]
    libdis_test+0x964: fe 03 80 f9  prfm #0x1e, [sp]
    libdis_test+0x968: de ff bf f9  prfm #0x1e, [x30, #32760]
    libdis_test+0x96c: 3e 04 80 f9  prfm #0x1e, [x1, #8]
    libdis_test+0x970: 1f 00 80 f9  prfm #0x1f, [x0]
    libdis_test+0x974: ff 03 80 f9  prfm #0x1f, [sp]
    libdis_test+0x978: df ff bf f9  prfm #0x1f, [x30, #32760]
    libdis_test+0x97c: 3f 04 80 f9  prfm #0x1f, [x1, #8]
