    libdis_test:       00 70 00 0c  st1 {v0.8b}, [x0]
    libdis_test+0x4:   e1 63 00 0c  st1 {v1.8b-v3.8b}, [sp]
    libdis_test+0x8:   bc 22 95 0c  st1 {v28.8b-v31.8b}, [x21], x21
    libdis_test+0xc:   00 70 00 4c  st1 {v0.16b}, [x0]
    libdis_test+0x10:  e1 63 00 4c  st1 {v1.16b-v3.16b}, [sp]
    libdis_test+0x14:  bc 22 95 4c  st1 {v28.16b-v31.16b}, [x21], x21
    libdis_test+0x18:  00 74 00 0c  st1 {v0.4h}, [x0]
    libdis_test+0x1c:  e1 67 00 0c  st1 {v1.4h-v3.4h}, [sp]
    libdis_test+0x20:  bc 26 95 0c  st1 {v28.4h-v31.4h}, [x21], x21
    libdis_test+0x24:  00 74 00 4c  st1 {v0.8h}, [x0]
    libdis_test+0x28:  e1 67 00 4c  st1 {v1.8h-v3.8h}, [sp]
    libdis_test+0x2c:  bc 26 95 4c  st1 {v28.8h-v31.8h}, [x21], x21
    libdis_test+0x30:  00 78 00 0c  st1 {v0.2s}, [x0]
    libdis_test+0x34:  e1 6b 00 0c  st1 {v1.2s-v3.2s}, [sp]
    libdis_test+0x38:  bc 2a 95 0c  st1 {v28.2s-v31.2s}, [x21], x21
    libdis_test+0x3c:  00 78 00 4c  st1 {v0.4s}, [x0]
    libdis_test+0x40:  e1 6b 00 4c  st1 {v1.4s-v3.4s}, [sp]
    libdis_test+0x44:  bc 2a 95 4c  st1 {v28.4s-v31.4s}, [x21], x21
    libdis_test+0x48:  00 7c 00 0c  st1 {v0.1d}, [x0]
    libdis_test+0x4c:  e1 6f 00 0c  st1 {v1.1d-v3.1d}, [sp]
    libdis_test+0x50:  bc 2e 95 0c  st1 {v28.1d-v31.1d}, [x21], x21
    libdis_test+0x54:  00 7c 00 4c  st1 {v0.2d}, [x0]
    libdis_test+0x58:  e1 6f 00 4c  st1 {v1.2d-v3.2d}, [sp]
    libdis_test+0x5c:  bc 2e 95 4c  st1 {v28.2d-v31.2d}, [x21], x21
    libdis_test+0x60:  40 80 00 0c  st2 {v0.8b, v1.8b}, [x2]
    libdis_test+0x64:  e2 83 9e 0c  st2 {v2.8b, v3.8b}, [sp], x30
    libdis_test+0x68:  74 40 00 0c  st3 {v20.8b-v22.8b}, [x3]
    libdis_test+0x6c:  f4 43 9e 0c  st3 {v20.8b-v22.8b}, [sp], x30
    libdis_test+0x70:  dc 03 00 0c  st4 {v28.8b-v31.8b}, [x30]
    libdis_test+0x74:  be 02 95 0c  st4 {v30.8b, v31.8b, v0.8b, v1.8b}, [x21], x21
    libdis_test+0x78:  40 80 00 4c  st2 {v0.16b, v1.16b}, [x2]
    libdis_test+0x7c:  e2 83 9e 4c  st2 {v2.16b, v3.16b}, [sp], x30
    libdis_test+0x80:  74 40 00 4c  st3 {v20.16b-v22.16b}, [x3]
    libdis_test+0x84:  f4 43 9e 4c  st3 {v20.16b-v22.16b}, [sp], x30
    libdis_test+0x88:  dc 03 00 4c  st4 {v28.16b-v31.16b}, [x30]
    libdis_test+0x8c:  be 02 95 4c  st4 {v30.16b, v31.16b, v0.16b, v1.16b}, [x21], x21
    libdis_test+0x90:  40 84 00 0c  st2 {v0.4h, v1.4h}, [x2]
    libdis_test+0x94:  e2 87 9e 0c  st2 {v2.4h, v3.4h}, [sp], x30
    libdis_test+0x98:  74 44 00 0c  st3 {v20.4h-v22.4h}, [x3]
    libdis_test+0x9c:  f4 47 9e 0c  st3 {v20.4h-v22.4h}, [sp], x30
    libdis_test+0xa0:  dc 07 00 0c  st4 {v28.4h-v31.4h}, [x30]
    libdis_test+0xa4:  be 06 95 0c  st4 {v30.4h, v31.4h, v0.4h, v1.4h}, [x21], x21
    libdis_test+0xa8:  40 84 00 4c  st2 {v0.8h, v1.8h}, [x2]
    libdis_test+0xac:  e2 87 9e 4c  st2 {v2.8h, v3.8h}, [sp], x30
    libdis_test+0xb0:  74 44 00 4c  st3 {v20.8h-v22.8h}, [x3]
    libdis_test+0xb4:  f4 47 9e 4c  st3 {v20.8h-v22.8h}, [sp], x30
    libdis_test+0xb8:  dc 07 00 4c  st4 {v28.8h-v31.8h}, [x30]
    libdis_test+0xbc:  be 06 95 4c  st4 {v30.8h, v31.8h, v0.8h, v1.8h}, [x21], x21
    libdis_test+0xc0:  40 88 00 0c  st2 {v0.2s, v1.2s}, [x2]
    libdis_test+0xc4:  e2 8b 9e 0c  st2 {v2.2s, v3.2s}, [sp], x30
    libdis_test+0xc8:  74 48 00 0c  st3 {v20.2s-v22.2s}, [x3]
    libdis_test+0xcc:  f4 4b 9e 0c  st3 {v20.2s-v22.2s}, [sp], x30
    libdis_test+0xd0:  dc 0b 00 0c  st4 {v28.2s-v31.2s}, [x30]
    libdis_test+0xd4:  be 0a 95 0c  st4 {v30.2s, v31.2s, v0.2s, v1.2s}, [x21], x21
    libdis_test+0xd8:  40 88 00 4c  st2 {v0.4s, v1.4s}, [x2]
    libdis_test+0xdc:  e2 8b 9e 4c  st2 {v2.4s, v3.4s}, [sp], x30
    libdis_test+0xe0:  74 48 00 4c  st3 {v20.4s-v22.4s}, [x3]
    libdis_test+0xe4:  f4 4b 9e 4c  st3 {v20.4s-v22.4s}, [sp], x30
    libdis_test+0xe8:  dc 0b 00 4c  st4 {v28.4s-v31.4s}, [x30]
    libdis_test+0xec:  be 0a 95 4c  st4 {v30.4s, v31.4s, v0.4s, v1.4s}, [x21], x21
    libdis_test+0xf0:  40 8c 00 4c  st2 {v0.2d, v1.2d}, [x2]
    libdis_test+0xf4:  e2 8f 9e 4c  st2 {v2.2d, v3.2d}, [sp], x30
    libdis_test+0xf8:  74 4c 00 4c  st3 {v20.2d-v22.2d}, [x3]
    libdis_test+0xfc:  f4 4f 9e 4c  st3 {v20.2d-v22.2d}, [sp], x30
    libdis_test+0x100: dc 0f 00 4c  st4 {v28.2d-v31.2d}, [x30]
    libdis_test+0x104: be 0e 95 4c  st4 {v30.2d, v31.2d, v0.2d, v1.2d}, [x21], x21
    libdis_test+0x108: a0 72 9f 0c  st1 {v0.8b}, [x21], #8
    libdis_test+0x10c: 2a 80 9f 0c  st2 {v10.8b, v11.8b}, [x1], #16
    libdis_test+0x110: f4 43 9f 0c  st3 {v20.8b-v22.8b}, [sp], #24
    libdis_test+0x114: 5c 01 9f 0c  st4 {v28.8b-v31.8b}, [x10], #32
    libdis_test+0x118: a0 76 9f 0c  st1 {v0.4h}, [x21], #8
    libdis_test+0x11c: 2a 84 9f 0c  st2 {v10.4h, v11.4h}, [x1], #16
    libdis_test+0x120: f4 47 9f 0c  st3 {v20.4h-v22.4h}, [sp], #24
    libdis_test+0x124: 5c 05 9f 0c  st4 {v28.4h-v31.4h}, [x10], #32
    libdis_test+0x128: a0 7a 9f 0c  st1 {v0.2s}, [x21], #8
    libdis_test+0x12c: 2a 88 9f 0c  st2 {v10.2s, v11.2s}, [x1], #16
    libdis_test+0x130: f4 4b 9f 0c  st3 {v20.2s-v22.2s}, [sp], #24
    libdis_test+0x134: 5c 09 9f 0c  st4 {v28.2s-v31.2s}, [x10], #32
    libdis_test+0x138: a0 72 9f 4c  st1 {v0.16b}, [x21], #16
    libdis_test+0x13c: 2a 80 9f 4c  st2 {v10.16b, v11.16b}, [x1], #32
    libdis_test+0x140: f4 43 9f 4c  st3 {v20.16b-v22.16b}, [sp], #48
    libdis_test+0x144: 5c 01 9f 4c  st4 {v28.16b-v31.16b}, [x10], #64
    libdis_test+0x148: a0 76 9f 4c  st1 {v0.8h}, [x21], #16
    libdis_test+0x14c: 2a 84 9f 4c  st2 {v10.8h, v11.8h}, [x1], #32
    libdis_test+0x150: f4 47 9f 4c  st3 {v20.8h-v22.8h}, [sp], #48
    libdis_test+0x154: 5c 05 9f 4c  st4 {v28.8h-v31.8h}, [x10], #64
    libdis_test+0x158: a0 7a 9f 4c  st1 {v0.4s}, [x21], #16
    libdis_test+0x15c: 2a 88 9f 4c  st2 {v10.4s, v11.4s}, [x1], #32
    libdis_test+0x160: f4 4b 9f 4c  st3 {v20.4s-v22.4s}, [sp], #48
    libdis_test+0x164: 5c 09 9f 4c  st4 {v28.4s-v31.4s}, [x10], #64
    libdis_test+0x168: a0 7e 9f 4c  st1 {v0.2d}, [x21], #16
    libdis_test+0x16c: 2a 8c 9f 4c  st2 {v10.2d, v11.2d}, [x1], #32
    libdis_test+0x170: f4 4f 9f 4c  st3 {v20.2d-v22.2d}, [sp], #48
    libdis_test+0x174: 5c 0d 9f 4c  st4 {v28.2d-v31.2d}, [x10], #64
    libdis_test+0x178: 00 70 40 0c  ld1 {v0.8b}, [x0]
    libdis_test+0x17c: e1 63 40 0c  ld1 {v1.8b-v3.8b}, [sp]
    libdis_test+0x180: bc 22 d5 0c  ld1 {v28.8b-v31.8b}, [x21], x21
    libdis_test+0x184: 00 70 40 4c  ld1 {v0.16b}, [x0]
    libdis_test+0x188: e1 63 40 4c  ld1 {v1.16b-v3.16b}, [sp]
    libdis_test+0x18c: bc 22 d5 4c  ld1 {v28.16b-v31.16b}, [x21], x21
    libdis_test+0x190: 00 74 40 0c  ld1 {v0.4h}, [x0]
    libdis_test+0x194: e1 67 40 0c  ld1 {v1.4h-v3.4h}, [sp]
    libdis_test+0x198: bc 26 d5 0c  ld1 {v28.4h-v31.4h}, [x21], x21
    libdis_test+0x19c: 00 74 40 4c  ld1 {v0.8h}, [x0]
    libdis_test+0x1a0: e1 67 40 4c  ld1 {v1.8h-v3.8h}, [sp]
    libdis_test+0x1a4: bc 26 d5 4c  ld1 {v28.8h-v31.8h}, [x21], x21
    libdis_test+0x1a8: 00 78 40 0c  ld1 {v0.2s}, [x0]
    libdis_test+0x1ac: e1 6b 40 0c  ld1 {v1.2s-v3.2s}, [sp]
    libdis_test+0x1b0: bc 2a d5 0c  ld1 {v28.2s-v31.2s}, [x21], x21
    libdis_test+0x1b4: 00 78 40 4c  ld1 {v0.4s}, [x0]
    libdis_test+0x1b8: e1 6b 40 4c  ld1 {v1.4s-v3.4s}, [sp]
    libdis_test+0x1bc: bc 2a d5 4c  ld1 {v28.4s-v31.4s}, [x21], x21
    libdis_test+0x1c0: 00 7c 40 0c  ld1 {v0.1d}, [x0]
    libdis_test+0x1c4: e1 6f 40 0c  ld1 {v1.1d-v3.1d}, [sp]
    libdis_test+0x1c8: bc 2e d5 0c  ld1 {v28.1d-v31.1d}, [x21], x21
    libdis_test+0x1cc: 00 7c 40 4c  ld1 {v0.2d}, [x0]
    libdis_test+0x1d0: e1 6f 40 4c  ld1 {v1.2d-v3.2d}, [sp]
    libdis_test+0x1d4: bc 2e d5 4c  ld1 {v28.2d-v31.2d}, [x21], x21
    libdis_test+0x1d8: 40 80 40 0c  ld2 {v0.8b, v1.8b}, [x2]
    libdis_test+0x1dc: e2 83 de 0c  ld2 {v2.8b, v3.8b}, [sp], x30
    libdis_test+0x1e0: 74 40 40 0c  ld3 {v20.8b-v22.8b}, [x3]
    libdis_test+0x1e4: f4 43 de 0c  ld3 {v20.8b-v22.8b}, [sp], x30
    libdis_test+0x1e8: dc 03 40 0c  ld4 {v28.8b-v31.8b}, [x30]
    libdis_test+0x1ec: be 02 d5 0c  ld4 {v30.8b, v31.8b, v0.8b, v1.8b}, [x21], x21
    libdis_test+0x1f0: 40 80 40 4c  ld2 {v0.16b, v1.16b}, [x2]
    libdis_test+0x1f4: e2 83 de 4c  ld2 {v2.16b, v3.16b}, [sp], x30
    libdis_test+0x1f8: 74 40 40 4c  ld3 {v20.16b-v22.16b}, [x3]
    libdis_test+0x1fc: f4 43 de 4c  ld3 {v20.16b-v22.16b}, [sp], x30
    libdis_test+0x200: dc 03 40 4c  ld4 {v28.16b-v31.16b}, [x30]
    libdis_test+0x204: be 02 d5 4c  ld4 {v30.16b, v31.16b, v0.16b, v1.16b}, [x21], x21
    libdis_test+0x208: 40 84 40 0c  ld2 {v0.4h, v1.4h}, [x2]
    libdis_test+0x20c: e2 87 de 0c  ld2 {v2.4h, v3.4h}, [sp], x30
    libdis_test+0x210: 74 44 40 0c  ld3 {v20.4h-v22.4h}, [x3]
    libdis_test+0x214: f4 47 de 0c  ld3 {v20.4h-v22.4h}, [sp], x30
    libdis_test+0x218: dc 07 40 0c  ld4 {v28.4h-v31.4h}, [x30]
    libdis_test+0x21c: be 06 d5 0c  ld4 {v30.4h, v31.4h, v0.4h, v1.4h}, [x21], x21
    libdis_test+0x220: 40 84 40 4c  ld2 {v0.8h, v1.8h}, [x2]
    libdis_test+0x224: e2 87 de 4c  ld2 {v2.8h, v3.8h}, [sp], x30
    libdis_test+0x228: 74 44 40 4c  ld3 {v20.8h-v22.8h}, [x3]
    libdis_test+0x22c: f4 47 de 4c  ld3 {v20.8h-v22.8h}, [sp], x30
    libdis_test+0x230: dc 07 40 4c  ld4 {v28.8h-v31.8h}, [x30]
    libdis_test+0x234: be 06 d5 4c  ld4 {v30.8h, v31.8h, v0.8h, v1.8h}, [x21], x21
    libdis_test+0x238: 40 88 40 0c  ld2 {v0.2s, v1.2s}, [x2]
    libdis_test+0x23c: e2 8b de 0c  ld2 {v2.2s, v3.2s}, [sp], x30
    libdis_test+0x240: 74 48 40 0c  ld3 {v20.2s-v22.2s}, [x3]
    libdis_test+0x244: f4 4b de 0c  ld3 {v20.2s-v22.2s}, [sp], x30
    libdis_test+0x248: dc 0b 40 0c  ld4 {v28.2s-v31.2s}, [x30]
    libdis_test+0x24c: be 0a d5 0c  ld4 {v30.2s, v31.2s, v0.2s, v1.2s}, [x21], x21
    libdis_test+0x250: 40 88 40 4c  ld2 {v0.4s, v1.4s}, [x2]
    libdis_test+0x254: e2 8b de 4c  ld2 {v2.4s, v3.4s}, [sp], x30
    libdis_test+0x258: 74 48 40 4c  ld3 {v20.4s-v22.4s}, [x3]
    libdis_test+0x25c: f4 4b de 4c  ld3 {v20.4s-v22.4s}, [sp], x30
    libdis_test+0x260: dc 0b 40 4c  ld4 {v28.4s-v31.4s}, [x30]
    libdis_test+0x264: be 0a d5 4c  ld4 {v30.4s, v31.4s, v0.4s, v1.4s}, [x21], x21
    libdis_test+0x268: 40 8c 40 4c  ld2 {v0.2d, v1.2d}, [x2]
    libdis_test+0x26c: e2 8f de 4c  ld2 {v2.2d, v3.2d}, [sp], x30
    libdis_test+0x270: 74 4c 40 4c  ld3 {v20.2d-v22.2d}, [x3]
    libdis_test+0x274: f4 4f de 4c  ld3 {v20.2d-v22.2d}, [sp], x30
    libdis_test+0x278: dc 0f 40 4c  ld4 {v28.2d-v31.2d}, [x30]
    libdis_test+0x27c: be 0e d5 4c  ld4 {v30.2d, v31.2d, v0.2d, v1.2d}, [x21], x21
    libdis_test+0x280: a0 72 df 0c  ld1 {v0.8b}, [x21], #8
    libdis_test+0x284: 2a 80 df 0c  ld2 {v10.8b, v11.8b}, [x1], #16
    libdis_test+0x288: f4 43 df 0c  ld3 {v20.8b-v22.8b}, [sp], #24
    libdis_test+0x28c: 5c 01 df 0c  ld4 {v28.8b-v31.8b}, [x10], #32
    libdis_test+0x290: a0 76 df 0c  ld1 {v0.4h}, [x21], #8
    libdis_test+0x294: 2a 84 df 0c  ld2 {v10.4h, v11.4h}, [x1], #16
    libdis_test+0x298: f4 47 df 0c  ld3 {v20.4h-v22.4h}, [sp], #24
    libdis_test+0x29c: 5c 05 df 0c  ld4 {v28.4h-v31.4h}, [x10], #32
    libdis_test+0x2a0: a0 7a df 0c  ld1 {v0.2s}, [x21], #8
    libdis_test+0x2a4: 2a 88 df 0c  ld2 {v10.2s, v11.2s}, [x1], #16
    libdis_test+0x2a8: f4 4b df 0c  ld3 {v20.2s-v22.2s}, [sp], #24
    libdis_test+0x2ac: 5c 09 df 0c  ld4 {v28.2s-v31.2s}, [x10], #32
    libdis_test+0x2b0: a0 72 df 4c  ld1 {v0.16b}, [x21], #16
    libdis_test+0x2b4: 2a 80 df 4c  ld2 {v10.16b, v11.16b}, [x1], #32
    libdis_test+0x2b8: f4 43 df 4c  ld3 {v20.16b-v22.16b}, [sp], #48
    libdis_test+0x2bc: 5c 01 df 4c  ld4 {v28.16b-v31.16b}, [x10], #64
    libdis_test+0x2c0: a0 76 df 4c  ld1 {v0.8h}, [x21], #16
    libdis_test+0x2c4: 2a 84 df 4c  ld2 {v10.8h, v11.8h}, [x1], #32
    libdis_test+0x2c8: f4 47 df 4c  ld3 {v20.8h-v22.8h}, [sp], #48
    libdis_test+0x2cc: 5c 05 df 4c  ld4 {v28.8h-v31.8h}, [x10], #64
    libdis_test+0x2d0: a0 7a df 4c  ld1 {v0.4s}, [x21], #16
    libdis_test+0x2d4: 2a 88 df 4c  ld2 {v10.4s, v11.4s}, [x1], #32
    libdis_test+0x2d8: f4 4b df 4c  ld3 {v20.4s-v22.4s}, [sp], #48
    libdis_test+0x2dc: 5c 09 df 4c  ld4 {v28.4s-v31.4s}, [x10], #64
    libdis_test+0x2e0: a0 7e df 4c  ld1 {v0.2d}, [x21], #16
    libdis_test+0x2e4: 2a 8c df 4c  ld2 {v10.2d, v11.2d}, [x1], #32
    libdis_test+0x2e8: f4 4f df 4c  ld3 {v20.2d-v22.2d}, [sp], #48
    libdis_test+0x2ec: 5c 0d df 4c  ld4 {v28.2d-v31.2d}, [x10], #64
    libdis_test+0x2f0: 00 1c 00 4d  st1 {v0.b}[15], [x0]
    libdis_test+0x2f4: ff 1c 20 4d  st2 {v31.b, v0.b}[15], [x7]
    libdis_test+0x2f8: aa 3e 00 4d  st3 {v10.b-v12.b}[15], [x21]
    libdis_test+0x2fc: fc 3f 20 4d  st4 {v28.b-v31.b}[15], [sp]
    libdis_test+0x300: 00 58 00 4d  st1 {v0.h}[7], [x0]
    libdis_test+0x304: ff 58 20 4d  st2 {v31.h, v0.h}[7], [x7]
    libdis_test+0x308: aa 7a 00 4d  st3 {v10.h-v12.h}[7], [x21]
    libdis_test+0x30c: fc 7b 20 4d  st4 {v28.h-v31.h}[7], [sp]
    libdis_test+0x310: 00 90 00 4d  st1 {v0.s}[3], [x0]
    libdis_test+0x314: ff 90 20 4d  st2 {v31.s, v0.s}[3], [x7]
    libdis_test+0x318: aa b2 00 4d  st3 {v10.s-v12.s}[3], [x21]
    libdis_test+0x31c: fc b3 20 4d  st4 {v28.s-v31.s}[3], [sp]
    libdis_test+0x320: 00 84 00 4d  st1 {v0.d}[1], [x0]
    libdis_test+0x324: ff 84 20 4d  st2 {v31.d, v0.d}[1], [x7]
    libdis_test+0x328: aa a6 00 4d  st3 {v10.d-v12.d}[1], [x21]
    libdis_test+0x32c: fc a7 20 4d  st4 {v28.d-v31.d}[1], [sp]
    libdis_test+0x330: 00 00 9f 0d  st1 {v0.b}[0], [x0], #1
    libdis_test+0x334: ff 00 bf 0d  st2 {v31.b, v0.b}[0], [x7], #2
    libdis_test+0x338: aa 22 9f 0d  st3 {v10.b-v12.b}[0], [x21], #3
    libdis_test+0x33c: fc 23 bf 0d  st4 {v28.b-v31.b}[0], [sp], #4
    libdis_test+0x340: 00 40 9f 0d  st1 {v0.h}[0], [x0], #2
    libdis_test+0x344: ff 40 bf 0d  st2 {v31.h, v0.h}[0], [x7], #4
    libdis_test+0x348: aa 62 9f 0d  st3 {v10.h-v12.h}[0], [x21], #6
    libdis_test+0x34c: fc 63 bf 0d  st4 {v28.h-v31.h}[0], [sp], #8
    libdis_test+0x350: 00 80 9f 0d  st1 {v0.s}[0], [x0], #4
    libdis_test+0x354: ff 80 bf 0d  st2 {v31.s, v0.s}[0], [x7], #8
    libdis_test+0x358: aa a2 9f 0d  st3 {v10.s-v12.s}[0], [x21], #12
    libdis_test+0x35c: fc a3 bf 0d  st4 {v28.s-v31.s}[0], [sp], #16
    libdis_test+0x360: 00 84 9f 0d  st1 {v0.d}[0], [x0], #8
    libdis_test+0x364: ff 84 bf 0d  st2 {v31.d, v0.d}[0], [x7], #16
    libdis_test+0x368: aa a6 9f 0d  st3 {v10.d-v12.d}[0], [x21], #24
    libdis_test+0x36c: fc a7 bf 0d  st4 {v28.d-v31.d}[0], [sp], #32
    libdis_test+0x370: 00 00 80 4d  st1 {v0.b}[8], [x0], x0
    libdis_test+0x374: ff 00 a7 4d  st2 {v31.b, v0.b}[8], [x7], x7
    libdis_test+0x378: aa 22 95 4d  st3 {v10.b-v12.b}[8], [x21], x21
    libdis_test+0x37c: fc 23 be 4d  st4 {v28.b-v31.b}[8], [sp], x30
    libdis_test+0x380: 00 40 80 4d  st1 {v0.h}[4], [x0], x0
    libdis_test+0x384: ff 40 a7 4d  st2 {v31.h, v0.h}[4], [x7], x7
    libdis_test+0x388: aa 62 95 4d  st3 {v10.h-v12.h}[4], [x21], x21
    libdis_test+0x38c: fc 63 be 4d  st4 {v28.h-v31.h}[4], [sp], x30
    libdis_test+0x390: 00 80 80 4d  st1 {v0.s}[2], [x0], x0
    libdis_test+0x394: ff 80 a7 4d  st2 {v31.s, v0.s}[2], [x7], x7
    libdis_test+0x398: aa a2 95 4d  st3 {v10.s-v12.s}[2], [x21], x21
    libdis_test+0x39c: fc a3 be 4d  st4 {v28.s-v31.s}[2], [sp], x30
    libdis_test+0x3a0: 00 84 80 4d  st1 {v0.d}[1], [x0], x0
    libdis_test+0x3a4: ff 84 a7 4d  st2 {v31.d, v0.d}[1], [x7], x7
    libdis_test+0x3a8: aa a6 95 4d  st3 {v10.d-v12.d}[1], [x21], x21
    libdis_test+0x3ac: fc a7 be 4d  st4 {v28.d-v31.d}[1], [sp], x30
    libdis_test+0x3b0: 00 1c 40 4d  ld1 {v0.b}[15], [x0]
    libdis_test+0x3b4: ff 1c 60 4d  ld2 {v31.b, v0.b}[15], [x7]
    libdis_test+0x3b8: aa 3e 40 4d  ld3 {v10.b-v12.b}[15], [x21]
    libdis_test+0x3bc: fc 3f 60 4d  ld4 {v28.b-v31.b}[15], [sp]
    libdis_test+0x3c0: 00 58 40 4d  ld1 {v0.h}[7], [x0]
    libdis_test+0x3c4: ff 58 60 4d  ld2 {v31.h, v0.h}[7], [x7]
    libdis_test+0x3c8: aa 7a 40 4d  ld3 {v10.h-v12.h}[7], [x21]
    libdis_test+0x3cc: fc 7b 60 4d  ld4 {v28.h-v31.h}[7], [sp]
    libdis_test+0x3d0: 00 90 40 4d  ld1 {v0.s}[3], [x0]
    libdis_test+0x3d4: ff 90 60 4d  ld2 {v31.s, v0.s}[3], [x7]
    libdis_test+0x3d8: aa b2 40 4d  ld3 {v10.s-v12.s}[3], [x21]
    libdis_test+0x3dc: fc b3 60 4d  ld4 {v28.s-v31.s}[3], [sp]
    libdis_test+0x3e0: 00 84 40 4d  ld1 {v0.d}[1], [x0]
    libdis_test+0x3e4: ff 84 60 4d  ld2 {v31.d, v0.d}[1], [x7]
    libdis_test+0x3e8: aa a6 40 4d  ld3 {v10.d-v12.d}[1], [x21]
    libdis_test+0x3ec: fc a7 60 4d  ld4 {v28.d-v31.d}[1], [sp]
    libdis_test+0x3f0: 00 00 df 0d  ld1 {v0.b}[0], [x0], #1
    libdis_test+0x3f4: ff 00 ff 0d  ld2 {v31.b, v0.b}[0], [x7], #2
    libdis_test+0x3f8: aa 22 df 0d  ld3 {v10.b-v12.b}[0], [x21], #3
    libdis_test+0x3fc: fc 23 ff 0d  ld4 {v28.b-v31.b}[0], [sp], #4
    libdis_test+0x400: 00 40 df 0d  ld1 {v0.h}[0], [x0], #2
    libdis_test+0x404: ff 40 ff 0d  ld2 {v31.h, v0.h}[0], [x7], #4
    libdis_test+0x408: aa 62 df 0d  ld3 {v10.h-v12.h}[0], [x21], #6
    libdis_test+0x40c: fc 63 ff 0d  ld4 {v28.h-v31.h}[0], [sp], #8
    libdis_test+0x410: 00 80 df 0d  ld1 {v0.s}[0], [x0], #4
    libdis_test+0x414: ff 80 ff 0d  ld2 {v31.s, v0.s}[0], [x7], #8
    libdis_test+0x418: aa a2 df 0d  ld3 {v10.s-v12.s}[0], [x21], #12
    libdis_test+0x41c: fc a3 ff 0d  ld4 {v28.s-v31.s}[0], [sp], #16
    libdis_test+0x420: 00 84 df 0d  ld1 {v0.d}[0], [x0], #8
    libdis_test+0x424: ff 84 ff 0d  ld2 {v31.d, v0.d}[0], [x7], #16
    libdis_test+0x428: aa a6 df 0d  ld3 {v10.d-v12.d}[0], [x21], #24
    libdis_test+0x42c: fc a7 ff 0d  ld4 {v28.d-v31.d}[0], [sp], #32
    libdis_test+0x430: 00 00 c0 4d  ld1 {v0.b}[8], [x0], x0
    libdis_test+0x434: ff 00 e7 4d  ld2 {v31.b, v0.b}[8], [x7], x7
    libdis_test+0x438: aa 22 d5 4d  ld3 {v10.b-v12.b}[8], [x21], x21
    libdis_test+0x43c: fc 23 fe 4d  ld4 {v28.b-v31.b}[8], [sp], x30
    libdis_test+0x440: 00 40 c0 4d  ld1 {v0.h}[4], [x0], x0
    libdis_test+0x444: ff 40 e7 4d  ld2 {v31.h, v0.h}[4], [x7], x7
    libdis_test+0x448: aa 62 d5 4d  ld3 {v10.h-v12.h}[4], [x21], x21
    libdis_test+0x44c: fc 63 fe 4d  ld4 {v28.h-v31.h}[4], [sp], x30
    libdis_test+0x450: 00 80 c0 4d  ld1 {v0.s}[2], [x0], x0
    libdis_test+0x454: ff 80 e7 4d  ld2 {v31.s, v0.s}[2], [x7], x7
    libdis_test+0x458: aa a2 d5 4d  ld3 {v10.s-v12.s}[2], [x21], x21
    libdis_test+0x45c: fc a3 fe 4d  ld4 {v28.s-v31.s}[2], [sp], x30
    libdis_test+0x460: 00 84 c0 4d  ld1 {v0.d}[1], [x0], x0
    libdis_test+0x464: ff 84 e7 4d  ld2 {v31.d, v0.d}[1], [x7], x7
    libdis_test+0x468: aa a6 d5 4d  ld3 {v10.d-v12.d}[1], [x21], x21
    libdis_test+0x46c: fc a7 fe 4d  ld4 {v28.d-v31.d}[1], [sp], x30
    libdis_test+0x470: 00 c0 40 0d  ld1r {v0.8b}, [x0]
    libdis_test+0x474: ff c0 60 0d  ld2r {v31.8b, v0.8b}, [x7]
    libdis_test+0x478: aa e2 40 0d  ld3r {v10.8b-v12.8b}, [x21]
    libdis_test+0x47c: fc e3 60 0d  ld4r {v28.8b-v31.8b}, [sp]
    libdis_test+0x480: 00 c0 c0 0d  ld1r {v0.8b}, [x0], x0
    libdis_test+0x484: ff c0 e7 0d  ld2r {v31.8b, v0.8b}, [x7], x7
    libdis_test+0x488: aa e2 d5 0d  ld3r {v10.8b-v12.8b}, [x21], x21
    libdis_test+0x48c: fc e3 fe 0d  ld4r {v28.8b-v31.8b}, [sp], x30
    libdis_test+0x490: 00 c0 40 4d  ld1r {v0.16b}, [x0]
    libdis_test+0x494: ff c0 60 4d  ld2r {v31.16b, v0.16b}, [x7]
    libdis_test+0x498: aa e2 40 4d  ld3r {v10.16b-v12.16b}, [x21]
    libdis_test+0x49c: fc e3 60 4d  ld4r {v28.16b-v31.16b}, [sp]
    libdis_test+0x4a0: 00 c0 c0 4d  ld1r {v0.16b}, [x0], x0
    libdis_test+0x4a4: ff c0 e7 4d  ld2r {v31.16b, v0.16b}, [x7], x7
    libdis_test+0x4a8: aa e2 d5 4d  ld3r {v10.16b-v12.16b}, [x21], x21
    libdis_test+0x4ac: fc e3 fe 4d  ld4r {v28.16b-v31.16b}, [sp], x30
    libdis_test+0x4b0: 00 c4 40 0d  ld1r {v0.4h}, [x0]
    libdis_test+0x4b4: ff c4 60 0d  ld2r {v31.4h, v0.4h}, [x7]
    libdis_test+0x4b8: aa e6 40 0d  ld3r {v10.4h-v12.4h}, [x21]
    libdis_test+0x4bc: fc e7 60 0d  ld4r {v28.4h-v31.4h}, [sp]
    libdis_test+0x4c0: 00 c4 c0 0d  ld1r {v0.4h}, [x0], x0
    libdis_test+0x4c4: ff c4 e7 0d  ld2r {v31.4h, v0.4h}, [x7], x7
    libdis_test+0x4c8: aa e6 d5 0d  ld3r {v10.4h-v12.4h}, [x21], x21
    libdis_test+0x4cc: fc e7 fe 0d  ld4r {v28.4h-v31.4h}, [sp], x30
    libdis_test+0x4d0: 00 c4 40 4d  ld1r {v0.8h}, [x0]
    libdis_test+0x4d4: ff c4 60 4d  ld2r {v31.8h, v0.8h}, [x7]
    libdis_test+0x4d8: aa e6 40 4d  ld3r {v10.8h-v12.8h}, [x21]
    libdis_test+0x4dc: fc e7 60 4d  ld4r {v28.8h-v31.8h}, [sp]
    libdis_test+0x4e0: 00 c4 c0 4d  ld1r {v0.8h}, [x0], x0
    libdis_test+0x4e4: ff c4 e7 4d  ld2r {v31.8h, v0.8h}, [x7], x7
    libdis_test+0x4e8: aa e6 d5 4d  ld3r {v10.8h-v12.8h}, [x21], x21
    libdis_test+0x4ec: fc e7 fe 4d  ld4r {v28.8h-v31.8h}, [sp], x30
    libdis_test+0x4f0: 00 c8 40 0d  ld1r {v0.2s}, [x0]
    libdis_test+0x4f4: ff c8 60 0d  ld2r {v31.2s, v0.2s}, [x7]
    libdis_test+0x4f8: aa ea 40 0d  ld3r {v10.2s-v12.2s}, [x21]
    libdis_test+0x4fc: fc eb 60 0d  ld4r {v28.2s-v31.2s}, [sp]
    libdis_test+0x500: 00 c8 c0 0d  ld1r {v0.2s}, [x0], x0
    libdis_test+0x504: ff c8 e7 0d  ld2r {v31.2s, v0.2s}, [x7], x7
    libdis_test+0x508: aa ea d5 0d  ld3r {v10.2s-v12.2s}, [x21], x21
    libdis_test+0x50c: fc eb fe 0d  ld4r {v28.2s-v31.2s}, [sp], x30
    libdis_test+0x510: 00 c8 40 4d  ld1r {v0.4s}, [x0]
    libdis_test+0x514: ff c8 60 4d  ld2r {v31.4s, v0.4s}, [x7]
    libdis_test+0x518: aa ea 40 4d  ld3r {v10.4s-v12.4s}, [x21]
    libdis_test+0x51c: fc eb 60 4d  ld4r {v28.4s-v31.4s}, [sp]
    libdis_test+0x520: 00 c8 c0 4d  ld1r {v0.4s}, [x0], x0
    libdis_test+0x524: ff c8 e7 4d  ld2r {v31.4s, v0.4s}, [x7], x7
    libdis_test+0x528: aa ea d5 4d  ld3r {v10.4s-v12.4s}, [x21], x21
    libdis_test+0x52c: fc eb fe 4d  ld4r {v28.4s-v31.4s}, [sp], x30
    libdis_test+0x530: 00 cc 40 0d  ld1r {v0.1d}, [x0]
    libdis_test+0x534: ff cc 60 0d  ld2r {v31.1d, v0.1d}, [x7]
    libdis_test+0x538: aa ee 40 0d  ld3r {v10.1d-v12.1d}, [x21]
    libdis_test+0x53c: fc ef 60 0d  ld4r {v28.1d-v31.1d}, [sp]
    libdis_test+0x540: 00 cc c0 0d  ld1r {v0.1d}, [x0], x0
    libdis_test+0x544: ff cc e7 0d  ld2r {v31.1d, v0.1d}, [x7], x7
    libdis_test+0x548: aa ee d5 0d  ld3r {v10.1d-v12.1d}, [x21], x21
    libdis_test+0x54c: fc ef fe 0d  ld4r {v28.1d-v31.1d}, [sp], x30
    libdis_test+0x550: 00 cc 40 4d  ld1r {v0.2d}, [x0]
    libdis_test+0x554: ff cc 60 4d  ld2r {v31.2d, v0.2d}, [x7]
    libdis_test+0x558: aa ee 40 4d  ld3r {v10.2d-v12.2d}, [x21]
    libdis_test+0x55c: fc ef 60 4d  ld4r {v28.2d-v31.2d}, [sp]
    libdis_test+0x560: 00 cc c0 4d  ld1r {v0.2d}, [x0], x0
    libdis_test+0x564: ff cc e7 4d  ld2r {v31.2d, v0.2d}, [x7], x7
    libdis_test+0x568: aa ee d5 4d  ld3r {v10.2d-v12.2d}, [x21], x21
    libdis_test+0x56c: fc ef fe 4d  ld4r {v28.2d-v31.2d}, [sp], x30
    libdis_test+0x570: 00 c0 df 0d  ld1r {v0.8b}, [x0], #1
    libdis_test+0x574: ff c0 ff 0d  ld2r {v31.8b, v0.8b}, [x7], #2
    libdis_test+0x578: aa e2 df 0d  ld3r {v10.8b-v12.8b}, [x21], #3
    libdis_test+0x57c: fc e3 ff 0d  ld4r {v28.8b-v31.8b}, [sp], #4
    libdis_test+0x580: 00 c0 df 4d  ld1r {v0.16b}, [x0], #1
    libdis_test+0x584: ff c0 ff 4d  ld2r {v31.16b, v0.16b}, [x7], #2
    libdis_test+0x588: aa e2 df 4d  ld3r {v10.16b-v12.16b}, [x21], #3
    libdis_test+0x58c: fc e3 ff 4d  ld4r {v28.16b-v31.16b}, [sp], #4
    libdis_test+0x590: 00 c4 df 0d  ld1r {v0.4h}, [x0], #2
    libdis_test+0x594: ff c4 ff 0d  ld2r {v31.4h, v0.4h}, [x7], #4
    libdis_test+0x598: aa e6 df 0d  ld3r {v10.4h-v12.4h}, [x21], #6
    libdis_test+0x59c: fc e7 ff 0d  ld4r {v28.4h-v31.4h}, [sp], #8
    libdis_test+0x5a0: 00 c4 df 4d  ld1r {v0.8h}, [x0], #2
    libdis_test+0x5a4: ff c4 ff 4d  ld2r {v31.8h, v0.8h}, [x7], #4
    libdis_test+0x5a8: aa e6 df 4d  ld3r {v10.8h-v12.8h}, [x21], #6
    libdis_test+0x5ac: fc e7 ff 4d  ld4r {v28.8h-v31.8h}, [sp], #8
    libdis_test+0x5b0: 00 c8 df 0d  ld1r {v0.2s}, [x0], #4
    libdis_test+0x5b4: ff c8 ff 0d  ld2r {v31.2s, v0.2s}, [x7], #8
    libdis_test+0x5b8: aa ea df 0d  ld3r {v10.2s-v12.2s}, [x21], #12
    libdis_test+0x5bc: fc eb ff 0d  ld4r {v28.2s-v31.2s}, [sp], #16
    libdis_test+0x5c0: 00 c8 df 4d  ld1r {v0.4s}, [x0], #4
    libdis_test+0x5c4: ff c8 ff 4d  ld2r {v31.4s, v0.4s}, [x7], #8
    libdis_test+0x5c8: aa ea df 4d  ld3r {v10.4s-v12.4s}, [x21], #12
    libdis_test+0x5cc: fc eb ff 4d  ld4r {v28.4s-v31.4s}, [sp], #16
    libdis_test+0x5d0: 00 cc df 0d  ld1r {v0.1d}, [x0], #8
    libdis_test+0x5d4: ff cc ff 0d  ld2r {v31.1d, v0.1d}, [x7], #16
    libdis_test+0x5d8: aa ee df 0d  ld3r {v10.1d-v12.1d}, [x21], #24
    libdis_test+0x5dc: fc ef ff 0d  ld4r {v28.1d-v31.1d}, [sp], #32
    libdis_test+0x5e0: 00 cc df 4d  ld1r {v0.2d}, [x0], #8
    libdis_test+0x5e4: ff cc ff 4d  ld2r {v31.2d, v0.2d}, [x7], #16
    libdis_test+0x5e8: aa ee df 4d  ld3r {v10.2d-v12.2d}, [x21], #24
    libdis_test+0x5ec: fc ef ff 4d  ld4r {v28.2d-v31.2d}, [sp], #32
