    libdis_test:      00 00 00 39  strb w0, [x0]
    libdis_test+0x4:  ff ff 3f 39  strb wzr, [sp, #4095]
    libdis_test+0x8:  00 00 40 39  ldrb w0, [x0]
    libdis_test+0xc:  ff ff 7f 39  ldrb wzr, [sp, #4095]
    libdis_test+0x10: 00 00 80 39  ldrsb x0, [x0]
    libdis_test+0x14: ff ff bf 39  ldrsb xzr, [sp, #4095]
    libdis_test+0x18: 00 00 c0 39  ldrsb w0, [x0]
    libdis_test+0x1c: ff ff ff 39  ldrsb wzr, [sp, #4095]
    libdis_test+0x20: 00 00 00 3d  str b0, [x0]
    libdis_test+0x24: ff ff 3f 3d  str b31, [sp, #4095]
    libdis_test+0x28: 00 00 00 7d  str h0, [x0]
    libdis_test+0x2c: ff ff 3f 7d  str h31, [sp, #8190]
    libdis_test+0x30: 00 00 00 bd  str s0, [x0]
    libdis_test+0x34: ff ff 3f bd  str s31, [sp, #16380]
    libdis_test+0x38: 00 00 00 fd  str d0, [x0]
    libdis_test+0x3c: ff ff 3f fd  str d31, [sp, #32760]
    libdis_test+0x40: 00 00 80 3d  str q0, [x0]
    libdis_test+0x44: ff ff bf 3d  str q31, [sp, #65520]
    libdis_test+0x48: 00 00 40 3d  ldr b0, [x0]
    libdis_test+0x4c: ff ff 7f 3d  ldr b31, [sp, #4095]
    libdis_test+0x50: 00 00 40 7d  ldr h0, [x0]
    libdis_test+0x54: ff ff 7f 7d  ldr h31, [sp, #8190]
    libdis_test+0x58: 00 00 40 bd  ldr s0, [x0]
    libdis_test+0x5c: ff ff 7f bd  ldr s31, [sp, #16380]
    libdis_test+0x60: 00 00 40 fd  ldr d0, [x0]
    libdis_test+0x64: ff ff 7f fd  ldr d31, [sp, #32760]
    libdis_test+0x68: 00 00 c0 3d  ldr q0, [x0]
    libdis_test+0x6c: ff ff ff 3d  ldr q31, [sp, #65520]
    libdis_test+0x70: 00 00 00 79  strh w0, [x0]
    libdis_test+0x74: ff ff 3f 79  strh wzr, [sp, #8190]
    libdis_test+0x78: 00 00 40 79  ldrh w0, [x0]
    libdis_test+0x7c: ff ff 7f 79  ldrh wzr, [sp, #8190]
    libdis_test+0x80: 00 00 80 79  ldrsh x0, [x0]
    libdis_test+0x84: ff ff bf 79  ldrsh xzr, [sp, #8190]
    libdis_test+0x88: 00 00 c0 79  ldrsh w0, [x0]
    libdis_test+0x8c: ff ff ff 79  ldrsh wzr, [sp, #8190]
    libdis_test+0x90: 00 00 00 b9  str w0, [x0]
    libdis_test+0x94: ff ff 3f b9  str wzr, [sp, #16380]
    libdis_test+0x98: 00 00 40 b9  ldr w0, [x0]
    libdis_test+0x9c: ff ff 7f b9  ldr wzr, [sp, #16380]
    libdis_test+0xa0: 00 00 80 b9  ldrsw x0, [x0]
    libdis_test+0xa4: ff ff bf b9  ldrsw xzr, [sp, #16380]
    libdis_test+0xa8: 00 00 00 f9  str x0, [x0]
    libdis_test+0xac: ff ff 3f f9  str xzr, [sp, #32760]
    libdis_test+0xb0: 00 00 40 f9  ldr x0, [x0]
    libdis_test+0xb4: ff ff 7f f9  ldr xzr, [sp, #32760]
